<!doctype html public "-//w3c//dtd html 4.0 transitional//en">
<html><head>
<title>Static Call Graph - [GD Blink\GD Blink.axf]</title></head>
<body><HR>
<H1>Static Call Graph for image GD Blink\GD Blink.axf</H1><HR>
<BR><P>#&#060CALLGRAPH&#062# ARM Linker, 6180002: Last Updated: Wed Jan 25 15:34:01 2023
<BR><P>
<H3>Maximum Stack Usage =       1252 bytes + Unknown(Functions without stacksize, Cycles, Untraceable Function Pointers)</H3><H3>
Call chain for Maximum Stack Depth:</H3>
__rt_entry_main &rArr; main &rArr; serial_process &rArr; command_process &rArr; command_arc &rArr; __0sscanf &rArr; __vfscanf_char &rArr; __vfscanf &rArr; _scanf_real &rArr; _scanf_really_real &rArr; _fp_value &rArr; _btod_etento &rArr; _btod_emul &rArr; _e2e
<P>
<H3>
Functions with no stack information
</H3><UL>
 <LI><a href="#[11f]">__user_initial_stackheap</a>
</UL>
</UL>
<P>
<H3>
Mutually Recursive functions
</H3> <LI><a href="#[8c]">ADC1_2_IRQHandler</a>&nbsp;&nbsp;&nbsp;&rArr;&nbsp;&nbsp;&nbsp;<a href="#[8c]">ADC1_2_IRQHandler</a><BR>
 <LI><a href="#[74]">BusFault_Handler</a>&nbsp;&nbsp;&nbsp;&rArr;&nbsp;&nbsp;&nbsp;<a href="#[74]">BusFault_Handler</a><BR>
 <LI><a href="#[72]">HardFault_Handler</a>&nbsp;&nbsp;&nbsp;&rArr;&nbsp;&nbsp;&nbsp;<a href="#[72]">HardFault_Handler</a><BR>
 <LI><a href="#[73]">MemManage_Handler</a>&nbsp;&nbsp;&nbsp;&rArr;&nbsp;&nbsp;&nbsp;<a href="#[73]">MemManage_Handler</a><BR>
 <LI><a href="#[71]">NMI_Handler</a>&nbsp;&nbsp;&nbsp;&rArr;&nbsp;&nbsp;&nbsp;<a href="#[71]">NMI_Handler</a><BR>
 <LI><a href="#[75]">UsageFault_Handler</a>&nbsp;&nbsp;&nbsp;&rArr;&nbsp;&nbsp;&nbsp;<a href="#[75]">UsageFault_Handler</a><BR>
</UL>
<P>
<H3>
Function Pointers
</H3><UL>
 <LI><a href="#[8c]">ADC1_2_IRQHandler</a> from startup_stm32f103xe.o(.text) referenced from startup_stm32f103xe.o(RESET)
 <LI><a href="#[a9]">ADC3_IRQHandler</a> from startup_stm32f103xe.o(.text) referenced from startup_stm32f103xe.o(RESET)
 <LI><a href="#[bf]">ADC_DMAConvCplt</a> from stm32f1xx_hal_adc.o(.text.ADC_DMAConvCplt) referenced 2 times from stm32f1xx_hal_adc.o(.text.HAL_ADC_Start_DMA)
 <LI><a href="#[c1]">ADC_DMAError</a> from stm32f1xx_hal_adc.o(.text.ADC_DMAError) referenced 2 times from stm32f1xx_hal_adc.o(.text.HAL_ADC_Start_DMA)
 <LI><a href="#[c0]">ADC_DMAHalfConvCplt</a> from stm32f1xx_hal_adc.o(.text.ADC_DMAHalfConvCplt) referenced 2 times from stm32f1xx_hal_adc.o(.text.HAL_ADC_Start_DMA)
 <LI><a href="#[37]">A_FTrans</a> from tasklist.o(.text.A_FTrans) referenced 2 times from tasklist.o(.data.Tasks)
 <LI><a href="#[32]">A_KM2_on</a> from tasklist.o(.text.A_KM2_on) referenced 4 times from tasklist.o(.data.Tasks)
 <LI><a href="#[35]">A_KM3_off</a> from tasklist.o(.text.A_KM3_off) referenced 4 times from tasklist.o(.data.Tasks)
 <LI><a href="#[24]">A_KM4_off</a> from tasklist.o(.text.A_KM4_off) referenced 10 times from tasklist.o(.data.Tasks)
 <LI><a href="#[31]">A_KM4_on</a> from tasklist.o(.text.A_KM4_on) referenced 2 times from tasklist.o(.data.Tasks)
 <LI><a href="#[25]">A_KM5_off</a> from tasklist.o(.text.A_KM5_off) referenced 8 times from tasklist.o(.data.Tasks)
 <LI><a href="#[30]">A_KM5_on</a> from tasklist.o(.text.A_KM5_on) referenced 4 times from tasklist.o(.data.Tasks)
 <LI><a href="#[26]">A_KM6_off</a> from tasklist.o(.text.A_KM6_off) referenced 6 times from tasklist.o(.data.Tasks)
 <LI><a href="#[2f]">A_KM6_on</a> from tasklist.o(.text.A_KM6_on) referenced 6 times from tasklist.o(.data.Tasks)
 <LI><a href="#[27]">A_KM7_off</a> from tasklist.o(.text.A_KM7_off) referenced 4 times from tasklist.o(.data.Tasks)
 <LI><a href="#[2d]">A_KM7_on</a> from tasklist.o(.text.A_KM7_on) referenced 8 times from tasklist.o(.data.Tasks)
 <LI><a href="#[28]">A_KM8_off</a> from tasklist.o(.text.A_KM8_off) referenced 4 times from tasklist.o(.data.Tasks)
 <LI><a href="#[2e]">A_KM8_on</a> from tasklist.o(.text.A_KM8_on) referenced 8 times from tasklist.o(.data.Tasks)
 <LI><a href="#[2b]">A_KM9_check</a> from tasklist.o(.text.A_KM9_check) referenced 10 times from tasklist.o(.data.Tasks)
 <LI><a href="#[29]">A_KM9_off</a> from tasklist.o(.text.A_KM9_off) referenced 2 times from tasklist.o(.data.Tasks)
 <LI><a href="#[36]">A_KM_Trans_off</a> from tasklist.o(.text.A_KM_Trans_off) referenced 2 times from tasklist.o(.data.Tasks)
 <LI><a href="#[33]">A_KM_Trans_on</a> from tasklist.o(.text.A_KM_Trans_on) referenced 2 times from tasklist.o(.data.Tasks)
 <LI><a href="#[2c]">A_TransOff</a> from tasklist.o(.text.A_TransOff) referenced 10 times from tasklist.o(.data.Tasks)
 <LI><a href="#[23]">A_TransOn</a> from tasklist.o(.text.A_TransOn) referenced 12 times from tasklist.o(.data.Tasks)
 <LI><a href="#[22]">A_begin</a> from tasklist.o(.text.A_begin) referenced 12 times from tasklist.o(.data.Tasks)
 <LI><a href="#[34]">A_delay_5sec</a> from tasklist.o(.text.A_delay_5sec) referenced 4 times from tasklist.o(.data.Tasks)
 <LI><a href="#[2a]">A_finish</a> from tasklist.o(.text.A_finish) referenced 12 times from tasklist.o(.data.Tasks)
 <LI><a href="#[68]">A_rep_end</a> from tasklist.o(.text.A_rep_end) referenced 2 times from tasklist.o(.data.Tasks)
 <LI><a href="#[67]">A_rep_start</a> from tasklist.o(.text.A_rep_start) referenced 2 times from tasklist.o(.data.Tasks)
 <LI><a href="#[6e]">AdePower</a> from tasklist.o(.text.AdePower) referenced 2 times from tasklist.o(.data.Tasks)
 <LI><a href="#[6d]">AdeRms</a> from tasklist.o(.text.AdeRms) referenced 2 times from tasklist.o(.data.Tasks)
 <LI><a href="#[4d]">B_FTrans</a> from tasklist.o(.text.B_FTrans) referenced 2 times from tasklist.o(.data.Tasks)
 <LI><a href="#[48]">B_KM2_on</a> from tasklist.o(.text.B_KM2_on) referenced 4 times from tasklist.o(.data.Tasks)
 <LI><a href="#[4b]">B_KM3_off</a> from tasklist.o(.text.B_KM3_off) referenced 4 times from tasklist.o(.data.Tasks)
 <LI><a href="#[3a]">B_KM4_off</a> from tasklist.o(.text.B_KM4_off) referenced 10 times from tasklist.o(.data.Tasks)
 <LI><a href="#[47]">B_KM4_on</a> from tasklist.o(.text.B_KM4_on) referenced 2 times from tasklist.o(.data.Tasks)
 <LI><a href="#[3b]">B_KM5_off</a> from tasklist.o(.text.B_KM5_off) referenced 8 times from tasklist.o(.data.Tasks)
 <LI><a href="#[46]">B_KM5_on</a> from tasklist.o(.text.B_KM5_on) referenced 4 times from tasklist.o(.data.Tasks)
 <LI><a href="#[3c]">B_KM6_off</a> from tasklist.o(.text.B_KM6_off) referenced 6 times from tasklist.o(.data.Tasks)
 <LI><a href="#[45]">B_KM6_on</a> from tasklist.o(.text.B_KM6_on) referenced 6 times from tasklist.o(.data.Tasks)
 <LI><a href="#[3d]">B_KM7_off</a> from tasklist.o(.text.B_KM7_off) referenced 4 times from tasklist.o(.data.Tasks)
 <LI><a href="#[43]">B_KM7_on</a> from tasklist.o(.text.B_KM7_on) referenced 8 times from tasklist.o(.data.Tasks)
 <LI><a href="#[3e]">B_KM8_off</a> from tasklist.o(.text.B_KM8_off) referenced 4 times from tasklist.o(.data.Tasks)
 <LI><a href="#[44]">B_KM8_on</a> from tasklist.o(.text.B_KM8_on) referenced 8 times from tasklist.o(.data.Tasks)
 <LI><a href="#[41]">B_KM9_check</a> from tasklist.o(.text.B_KM9_check) referenced 10 times from tasklist.o(.data.Tasks)
 <LI><a href="#[3f]">B_KM9_off</a> from tasklist.o(.text.B_KM9_off) referenced 2 times from tasklist.o(.data.Tasks)
 <LI><a href="#[4c]">B_KM_Trans_off</a> from tasklist.o(.text.B_KM_Trans_off) referenced 2 times from tasklist.o(.data.Tasks)
 <LI><a href="#[49]">B_KM_Trans_on</a> from tasklist.o(.text.B_KM_Trans_on) referenced 2 times from tasklist.o(.data.Tasks)
 <LI><a href="#[42]">B_TransOff</a> from tasklist.o(.text.B_TransOff) referenced 10 times from tasklist.o(.data.Tasks)
 <LI><a href="#[39]">B_TransOn</a> from tasklist.o(.text.B_TransOn) referenced 12 times from tasklist.o(.data.Tasks)
 <LI><a href="#[38]">B_begin</a> from tasklist.o(.text.B_begin) referenced 12 times from tasklist.o(.data.Tasks)
 <LI><a href="#[4a]">B_delay_5sec</a> from tasklist.o(.text.B_delay_5sec) referenced 4 times from tasklist.o(.data.Tasks)
 <LI><a href="#[40]">B_finish</a> from tasklist.o(.text.B_finish) referenced 12 times from tasklist.o(.data.Tasks)
 <LI><a href="#[6a]">B_rep_end</a> from tasklist.o(.text.B_rep_end) referenced 2 times from tasklist.o(.data.Tasks)
 <LI><a href="#[69]">B_rep_start</a> from tasklist.o(.text.B_rep_start) referenced 2 times from tasklist.o(.data.Tasks)
 <LI><a href="#[74]">BusFault_Handler</a> from stm32f1xx_it.o(.text.BusFault_Handler) referenced from startup_stm32f103xe.o(RESET)
 <LI><a href="#[8f]">CAN1_RX1_IRQHandler</a> from startup_stm32f103xe.o(.text) referenced from startup_stm32f103xe.o(RESET)
 <LI><a href="#[90]">CAN1_SCE_IRQHandler</a> from startup_stm32f103xe.o(.text) referenced from startup_stm32f103xe.o(RESET)
 <LI><a href="#[63]">C_FTrans</a> from tasklist.o(.text.C_FTrans) referenced 2 times from tasklist.o(.data.Tasks)
 <LI><a href="#[5e]">C_KM2_on</a> from tasklist.o(.text.C_KM2_on) referenced 4 times from tasklist.o(.data.Tasks)
 <LI><a href="#[61]">C_KM3_off</a> from tasklist.o(.text.C_KM3_off) referenced 4 times from tasklist.o(.data.Tasks)
 <LI><a href="#[50]">C_KM4_off</a> from tasklist.o(.text.C_KM4_off) referenced 10 times from tasklist.o(.data.Tasks)
 <LI><a href="#[5d]">C_KM4_on</a> from tasklist.o(.text.C_KM4_on) referenced 2 times from tasklist.o(.data.Tasks)
 <LI><a href="#[51]">C_KM5_off</a> from tasklist.o(.text.C_KM5_off) referenced 8 times from tasklist.o(.data.Tasks)
 <LI><a href="#[5c]">C_KM5_on</a> from tasklist.o(.text.C_KM5_on) referenced 4 times from tasklist.o(.data.Tasks)
 <LI><a href="#[52]">C_KM6_off</a> from tasklist.o(.text.C_KM6_off) referenced 6 times from tasklist.o(.data.Tasks)
 <LI><a href="#[5b]">C_KM6_on</a> from tasklist.o(.text.C_KM6_on) referenced 6 times from tasklist.o(.data.Tasks)
 <LI><a href="#[53]">C_KM7_off</a> from tasklist.o(.text.C_KM7_off) referenced 4 times from tasklist.o(.data.Tasks)
 <LI><a href="#[59]">C_KM7_on</a> from tasklist.o(.text.C_KM7_on) referenced 8 times from tasklist.o(.data.Tasks)
 <LI><a href="#[54]">C_KM8_off</a> from tasklist.o(.text.C_KM8_off) referenced 4 times from tasklist.o(.data.Tasks)
 <LI><a href="#[5a]">C_KM8_on</a> from tasklist.o(.text.C_KM8_on) referenced 8 times from tasklist.o(.data.Tasks)
 <LI><a href="#[57]">C_KM9_check</a> from tasklist.o(.text.C_KM9_check) referenced 10 times from tasklist.o(.data.Tasks)
 <LI><a href="#[55]">C_KM9_off</a> from tasklist.o(.text.C_KM9_off) referenced 2 times from tasklist.o(.data.Tasks)
 <LI><a href="#[62]">C_KM_Trans_off</a> from tasklist.o(.text.C_KM_Trans_off) referenced 2 times from tasklist.o(.data.Tasks)
 <LI><a href="#[5f]">C_KM_Trans_on</a> from tasklist.o(.text.C_KM_Trans_on) referenced 2 times from tasklist.o(.data.Tasks)
 <LI><a href="#[58]">C_TransOff</a> from tasklist.o(.text.C_TransOff) referenced 10 times from tasklist.o(.data.Tasks)
 <LI><a href="#[4f]">C_TransOn</a> from tasklist.o(.text.C_TransOn) referenced 12 times from tasklist.o(.data.Tasks)
 <LI><a href="#[4e]">C_begin</a> from tasklist.o(.text.C_begin) referenced 12 times from tasklist.o(.data.Tasks)
 <LI><a href="#[60]">C_delay_5sec</a> from tasklist.o(.text.C_delay_5sec) referenced 4 times from tasklist.o(.data.Tasks)
 <LI><a href="#[56]">C_finish</a> from tasklist.o(.text.C_finish) referenced 12 times from tasklist.o(.data.Tasks)
 <LI><a href="#[6c]">C_rep_end</a> from tasklist.o(.text.C_rep_end) referenced 2 times from tasklist.o(.data.Tasks)
 <LI><a href="#[6b]">C_rep_start</a> from tasklist.o(.text.C_rep_start) referenced 2 times from tasklist.o(.data.Tasks)
 <LI><a href="#[85]">DMA1_Channel1_IRQHandler</a> from stm32f1xx_it.o(.text.DMA1_Channel1_IRQHandler) referenced from startup_stm32f103xe.o(RESET)
 <LI><a href="#[86]">DMA1_Channel2_IRQHandler</a> from startup_stm32f103xe.o(.text) referenced from startup_stm32f103xe.o(RESET)
 <LI><a href="#[87]">DMA1_Channel3_IRQHandler</a> from startup_stm32f103xe.o(.text) referenced from startup_stm32f103xe.o(RESET)
 <LI><a href="#[88]">DMA1_Channel4_IRQHandler</a> from startup_stm32f103xe.o(.text) referenced from startup_stm32f103xe.o(RESET)
 <LI><a href="#[89]">DMA1_Channel5_IRQHandler</a> from startup_stm32f103xe.o(.text) referenced from startup_stm32f103xe.o(RESET)
 <LI><a href="#[8a]">DMA1_Channel6_IRQHandler</a> from startup_stm32f103xe.o(.text) referenced from startup_stm32f103xe.o(RESET)
 <LI><a href="#[8b]">DMA1_Channel7_IRQHandler</a> from startup_stm32f103xe.o(.text) referenced from startup_stm32f103xe.o(RESET)
 <LI><a href="#[b2]">DMA2_Channel1_IRQHandler</a> from startup_stm32f103xe.o(.text) referenced from startup_stm32f103xe.o(RESET)
 <LI><a href="#[b3]">DMA2_Channel2_IRQHandler</a> from startup_stm32f103xe.o(.text) referenced from startup_stm32f103xe.o(RESET)
 <LI><a href="#[b4]">DMA2_Channel3_IRQHandler</a> from startup_stm32f103xe.o(.text) referenced from startup_stm32f103xe.o(RESET)
 <LI><a href="#[b5]">DMA2_Channel4_5_IRQHandler</a> from startup_stm32f103xe.o(.text) referenced from startup_stm32f103xe.o(RESET)
 <LI><a href="#[77]">DebugMon_Handler</a> from stm32f1xx_it.o(.text.DebugMon_Handler) referenced from startup_stm32f103xe.o(RESET)
 <LI><a href="#[66]">Delay_start</a> from tasklist.o(.text.Delay_start) referenced 2 times from tasklist.o(.data.Tasks)
 <LI><a href="#[80]">EXTI0_IRQHandler</a> from startup_stm32f103xe.o(.text) referenced from startup_stm32f103xe.o(RESET)
 <LI><a href="#[a2]">EXTI15_10_IRQHandler</a> from startup_stm32f103xe.o(.text) referenced from startup_stm32f103xe.o(RESET)
 <LI><a href="#[81]">EXTI1_IRQHandler</a> from startup_stm32f103xe.o(.text) referenced from startup_stm32f103xe.o(RESET)
 <LI><a href="#[82]">EXTI2_IRQHandler</a> from startup_stm32f103xe.o(.text) referenced from startup_stm32f103xe.o(RESET)
 <LI><a href="#[83]">EXTI3_IRQHandler</a> from startup_stm32f103xe.o(.text) referenced from startup_stm32f103xe.o(RESET)
 <LI><a href="#[84]">EXTI4_IRQHandler</a> from startup_stm32f103xe.o(.text) referenced from startup_stm32f103xe.o(RESET)
 <LI><a href="#[91]">EXTI9_5_IRQHandler</a> from startup_stm32f103xe.o(.text) referenced from startup_stm32f103xe.o(RESET)
 <LI><a href="#[7e]">FLASH_IRQHandler</a> from startup_stm32f103xe.o(.text) referenced from startup_stm32f103xe.o(RESET)
 <LI><a href="#[aa]">FSMC_IRQHandler</a> from startup_stm32f103xe.o(.text) referenced from startup_stm32f103xe.o(RESET)
 <LI><a href="#[72]">HardFault_Handler</a> from stm32f1xx_it.o(.text.HardFault_Handler) referenced from startup_stm32f103xe.o(RESET)
 <LI><a href="#[9a]">I2C1_ER_IRQHandler</a> from startup_stm32f103xe.o(.text) referenced from startup_stm32f103xe.o(RESET)
 <LI><a href="#[99]">I2C1_EV_IRQHandler</a> from startup_stm32f103xe.o(.text) referenced from startup_stm32f103xe.o(RESET)
 <LI><a href="#[9c]">I2C2_ER_IRQHandler</a> from startup_stm32f103xe.o(.text) referenced from startup_stm32f103xe.o(RESET)
 <LI><a href="#[9b]">I2C2_EV_IRQHandler</a> from startup_stm32f103xe.o(.text) referenced from startup_stm32f103xe.o(RESET)
 <LI><a href="#[18]">M_blink</a> from tasklist.o(.text.M_blink) referenced 2 times from tasklist.o(.data.Tasks)
 <LI><a href="#[10]">M_call_check</a> from tasklist.o(.text.M_call_check) referenced 6 times from tasklist.o(.data.Tasks)
 <LI><a href="#[20]">M_call_end</a> from tasklist.o(.text.M_call_end) referenced 2 times from tasklist.o(.data.Tasks)
 <LI><a href="#[1e]">M_call_init</a> from tasklist.o(.text.M_call_init) referenced 2 times from tasklist.o(.data.Tasks)
 <LI><a href="#[1f]">M_call_start</a> from tasklist.o(.text.M_call_start) referenced 2 times from tasklist.o(.data.Tasks)
 <LI><a href="#[1d]">M_sms_send</a> from tasklist.o(.text.M_sms_send) referenced 2 times from tasklist.o(.data.Tasks)
 <LI><a href="#[1c]">M_sms_start</a> from tasklist.o(.text.M_sms_start) referenced 2 times from tasklist.o(.data.Tasks)
 <LI><a href="#[1b]">M_srv_copy</a> from tasklist.o(.text.M_srv_copy) referenced 2 times from tasklist.o(.data.Tasks)
 <LI><a href="#[1a]">M_srv_send</a> from tasklist.o(.text.M_srv_send) referenced 2 times from tasklist.o(.data.Tasks)
 <LI><a href="#[19]">M_srv_start</a> from tasklist.o(.text.M_srv_start) referenced 2 times from tasklist.o(.data.Tasks)
 <LI><a href="#[6]">M_sub_at</a> from tasklist.o(.text.M_sub_at) referenced 2 times from tasklist.o(.data.Tasks)
 <LI><a href="#[b]">M_sub_check</a> from tasklist.o(.text.M_sub_check) referenced 2 times from tasklist.o(.data.Tasks)
 <LI><a href="#[8]">M_sub_creg</a> from tasklist.o(.text.M_sub_creg) referenced 2 times from tasklist.o(.data.Tasks)
 <LI><a href="#[a]">M_sub_csq</a> from tasklist.o(.text.M_sub_csq) referenced 2 times from tasklist.o(.data.Tasks)
 <LI><a href="#[7]">M_sub_echo</a> from tasklist.o(.text.M_sub_echo) referenced 2 times from tasklist.o(.data.Tasks)
 <LI><a href="#[14]">M_sub_gprs_IP</a> from tasklist.o(.text.M_sub_gprs_IP) referenced 2 times from tasklist.o(.data.Tasks)
 <LI><a href="#[13]">M_sub_gprs_connect</a> from tasklist.o(.text.M_sub_gprs_connect) referenced 2 times from tasklist.o(.data.Tasks)
 <LI><a href="#[12]">M_sub_gprs_cont</a> from tasklist.o(.text.M_sub_gprs_cont) referenced 2 times from tasklist.o(.data.Tasks)
 <LI><a href="#[11]">M_sub_gprs_exist</a> from tasklist.o(.text.M_sub_gprs_exist) referenced 2 times from tasklist.o(.data.Tasks)
 <LI><a href="#[9]">M_sub_imei</a> from tasklist.o(.text.M_sub_imei) referenced 2 times from tasklist.o(.data.Tasks)
 <LI><a href="#[4]">M_sub_power</a> from tasklist.o(.text.M_sub_power) referenced 2 times from tasklist.o(.data.Tasks)
 <LI><a href="#[5]">M_sub_reset</a> from tasklist.o(.text.M_sub_reset) referenced 2 times from tasklist.o(.data.Tasks)
 <LI><a href="#[c]">M_sub_sms</a> from tasklist.o(.text.M_sub_sms) referenced 2 times from tasklist.o(.data.Tasks)
 <LI><a href="#[e]">M_sub_sms_code</a> from tasklist.o(.text.M_sub_sms_code) referenced 2 times from tasklist.o(.data.Tasks)
 <LI><a href="#[f]">M_sub_sms_del</a> from tasklist.o(.text.M_sub_sms_del) referenced 2 times from tasklist.o(.data.Tasks)
 <LI><a href="#[d]">M_sub_sms_scr</a> from tasklist.o(.text.M_sub_sms_scr) referenced 2 times from tasklist.o(.data.Tasks)
 <LI><a href="#[15]">M_sub_srv_set_1</a> from tasklist.o(.text.M_sub_srv_set_1) referenced 2 times from tasklist.o(.data.Tasks)
 <LI><a href="#[17]">M_sub_srv_set_2</a> from tasklist.o(.text.M_sub_srv_set_2) referenced 2 times from tasklist.o(.data.Tasks)
 <LI><a href="#[16]">M_sub_tcp_start</a> from tasklist.o(.text.M_sub_tcp_start) referenced 4 times from tasklist.o(.data.Tasks)
 <LI><a href="#[73]">MemManage_Handler</a> from stm32f1xx_it.o(.text.MemManage_Handler) referenced from startup_stm32f103xe.o(RESET)
 <LI><a href="#[3]">Modem_start_connect</a> from tasklist.o(.text.Modem_start_connect) referenced 2 times from tasklist.o(.data.Tasks)
 <LI><a href="#[2]">Modem_start_gprs</a> from tasklist.o(.text.Modem_start_gprs) referenced 2 times from tasklist.o(.data.Tasks)
 <LI><a href="#[0]">Modem_start_power</a> from tasklist.o(.text.Modem_start_power) referenced 2 times from tasklist.o(.data.Tasks)
 <LI><a href="#[1]">Modem_start_sms</a> from tasklist.o(.text.Modem_start_sms) referenced 2 times from tasklist.o(.data.Tasks)
 <LI><a href="#[71]">NMI_Handler</a> from stm32f1xx_it.o(.text.NMI_Handler) referenced from startup_stm32f103xe.o(RESET)
 <LI><a href="#[6f]">NetReset</a> from tasklist.o(.text.NetReset) referenced 2 times from tasklist.o(.data.Tasks)
 <LI><a href="#[64]">Net_get</a> from tasklist.o(.text.Net_get) referenced 2 times from tasklist.o(.data.Tasks)
 <LI><a href="#[65]">Net_save</a> from tasklist.o(.text.Net_save) referenced 2 times from tasklist.o(.data.Tasks)
 <LI><a href="#[7b]">PVD_IRQHandler</a> from startup_stm32f103xe.o(.text) referenced from startup_stm32f103xe.o(RESET)
 <LI><a href="#[21]">P_blink</a> from tasklist.o(.text.P_blink) referenced 2 times from tasklist.o(.data.Tasks)
 <LI><a href="#[78]">PendSV_Handler</a> from stm32f1xx_it.o(.text.PendSV_Handler) referenced from startup_stm32f103xe.o(RESET)
 <LI><a href="#[7f]">RCC_IRQHandler</a> from startup_stm32f103xe.o(.text) referenced from startup_stm32f103xe.o(RESET)
 <LI><a href="#[a3]">RTC_Alarm_IRQHandler</a> from startup_stm32f103xe.o(.text) referenced from startup_stm32f103xe.o(RESET)
 <LI><a href="#[7d]">RTC_IRQHandler</a> from startup_stm32f103xe.o(.text) referenced from startup_stm32f103xe.o(RESET)
 <LI><a href="#[70]">Reset_Handler</a> from startup_stm32f103xe.o(.text) referenced from startup_stm32f103xe.o(RESET)
 <LI><a href="#[ab]">SDIO_IRQHandler</a> from startup_stm32f103xe.o(.text) referenced from startup_stm32f103xe.o(RESET)
 <LI><a href="#[9d]">SPI1_IRQHandler</a> from startup_stm32f103xe.o(.text) referenced from startup_stm32f103xe.o(RESET)
 <LI><a href="#[9e]">SPI2_IRQHandler</a> from startup_stm32f103xe.o(.text) referenced from startup_stm32f103xe.o(RESET)
 <LI><a href="#[ad]">SPI3_IRQHandler</a> from startup_stm32f103xe.o(.text) referenced from startup_stm32f103xe.o(RESET)
 <LI><a href="#[76]">SVC_Handler</a> from stm32f1xx_it.o(.text.SVC_Handler) referenced from startup_stm32f103xe.o(RESET)
 <LI><a href="#[79]">SysTick_Handler</a> from stm32f1xx_it.o(.text.SysTick_Handler) referenced from startup_stm32f103xe.o(RESET)
 <LI><a href="#[b6]">SystemInit</a> from system_stm32f1xx.o(.text.SystemInit) referenced from startup_stm32f103xe.o(.text)
 <LI><a href="#[7c]">TAMPER_IRQHandler</a> from startup_stm32f103xe.o(.text) referenced from startup_stm32f103xe.o(RESET)
 <LI><a href="#[92]">TIM1_BRK_IRQHandler</a> from startup_stm32f103xe.o(.text) referenced from startup_stm32f103xe.o(RESET)
 <LI><a href="#[95]">TIM1_CC_IRQHandler</a> from startup_stm32f103xe.o(.text) referenced from startup_stm32f103xe.o(RESET)
 <LI><a href="#[94]">TIM1_TRG_COM_IRQHandler</a> from startup_stm32f103xe.o(.text) referenced from startup_stm32f103xe.o(RESET)
 <LI><a href="#[93]">TIM1_UP_IRQHandler</a> from stm32f1xx_it.o(.text.TIM1_UP_IRQHandler) referenced from startup_stm32f103xe.o(RESET)
 <LI><a href="#[96]">TIM2_IRQHandler</a> from startup_stm32f103xe.o(.text) referenced from startup_stm32f103xe.o(RESET)
 <LI><a href="#[97]">TIM3_IRQHandler</a> from stm32f1xx_it.o(.text.TIM3_IRQHandler) referenced from startup_stm32f103xe.o(RESET)
 <LI><a href="#[98]">TIM4_IRQHandler</a> from startup_stm32f103xe.o(.text) referenced from startup_stm32f103xe.o(RESET)
 <LI><a href="#[ac]">TIM5_IRQHandler</a> from startup_stm32f103xe.o(.text) referenced from startup_stm32f103xe.o(RESET)
 <LI><a href="#[b0]">TIM6_IRQHandler</a> from startup_stm32f103xe.o(.text) referenced from startup_stm32f103xe.o(RESET)
 <LI><a href="#[b1]">TIM7_IRQHandler</a> from startup_stm32f103xe.o(.text) referenced from startup_stm32f103xe.o(RESET)
 <LI><a href="#[a5]">TIM8_BRK_IRQHandler</a> from startup_stm32f103xe.o(.text) referenced from startup_stm32f103xe.o(RESET)
 <LI><a href="#[a8]">TIM8_CC_IRQHandler</a> from startup_stm32f103xe.o(.text) referenced from startup_stm32f103xe.o(RESET)
 <LI><a href="#[a7]">TIM8_TRG_COM_IRQHandler</a> from startup_stm32f103xe.o(.text) referenced from startup_stm32f103xe.o(RESET)
 <LI><a href="#[a6]">TIM8_UP_IRQHandler</a> from startup_stm32f103xe.o(.text) referenced from startup_stm32f103xe.o(RESET)
 <LI><a href="#[ae]">UART4_IRQHandler</a> from startup_stm32f103xe.o(.text) referenced from startup_stm32f103xe.o(RESET)
 <LI><a href="#[af]">UART5_IRQHandler</a> from startup_stm32f103xe.o(.text) referenced from startup_stm32f103xe.o(RESET)
 <LI><a href="#[c2]">UART_DMAAbortOnError</a> from stm32f1xx_hal_uart.o(.text.UART_DMAAbortOnError) referenced 2 times from stm32f1xx_hal_uart.o(.text.HAL_UART_IRQHandler)
 <LI><a href="#[9f]">USART1_IRQHandler</a> from stm32f1xx_it.o(.text.USART1_IRQHandler) referenced from startup_stm32f103xe.o(RESET)
 <LI><a href="#[a0]">USART2_IRQHandler</a> from stm32f1xx_it.o(.text.USART2_IRQHandler) referenced from startup_stm32f103xe.o(RESET)
 <LI><a href="#[a1]">USART3_IRQHandler</a> from startup_stm32f103xe.o(.text) referenced from startup_stm32f103xe.o(RESET)
 <LI><a href="#[a4]">USBWakeUp_IRQHandler</a> from startup_stm32f103xe.o(.text) referenced from startup_stm32f103xe.o(RESET)
 <LI><a href="#[8d]">USB_HP_CAN1_TX_IRQHandler</a> from startup_stm32f103xe.o(.text) referenced from startup_stm32f103xe.o(RESET)
 <LI><a href="#[8e]">USB_LP_CAN1_RX0_IRQHandler</a> from startup_stm32f103xe.o(.text) referenced from startup_stm32f103xe.o(RESET)
 <LI><a href="#[75]">UsageFault_Handler</a> from stm32f1xx_it.o(.text.UsageFault_Handler) referenced from startup_stm32f103xe.o(RESET)
 <LI><a href="#[7a]">WWDG_IRQHandler</a> from startup_stm32f103xe.o(.text) referenced from startup_stm32f103xe.o(RESET)
 <LI><a href="#[b7]">__main</a> from __main.o(!!!main) referenced from startup_stm32f103xe.o(.text)
 <LI><a href="#[b8]">_get_lc_ctype</a> from lc_ctype_c.o(locale$$code) referenced from rt_ctype_table.o(.text)
 <LI><a href="#[bc]">_printf_input_char</a> from _printf_char_common.o(.text) referenced from _printf_char_common.o(.text)
 <LI><a href="#[bb]">_sbackspace</a> from _sgetc.o(.text) referenced 2 times from __0sscanf.o(.text)
 <LI><a href="#[bd]">_scanf_char_input</a> from scanf_char.o(.text) referenced from scanf_char.o(.text)
 <LI><a href="#[ba]">_sgetc</a> from _sgetc.o(.text) referenced 2 times from __0sscanf.o(.text)
 <LI><a href="#[b9]">_sputc</a> from _sputc.o(.text) referenced from __2sprintf.o(.text)
 <LI><a href="#[c5]">gp_input_process_ms</a> from gpio.o(.text.gp_input_process_ms) referenced 2 times from main.o(.text.main)
 <LI><a href="#[c6]">gp_input_process_sec</a> from gpio.o(.text.gp_input_process_sec) referenced 2 times from main.o(.text.main)
 <LI><a href="#[be]">isspace</a> from isspace.o(.text) referenced 2 times from scanf_char.o(.text)
 <LI><a href="#[c3]">modem_connect_check</a> from modem.o(.text.modem_connect_check) referenced 2 times from main.o(.text.main)
 <LI><a href="#[c7]">sys_led_blink</a> from main.o(.text.sys_led_blink) referenced 2 times from main.o(.text.main)
 <LI><a href="#[c4]">sys_wdt_reset</a> from main.o(.text.sys_wdt_reset) referenced 2 times from main.o(.text.main)
 <LI><a href="#[ca]">task_archiver</a> from phase.o(.text.task_archiver) referenced 2 times from main.o(.text.main)
 <LI><a href="#[c9]">task_auto_start</a> from phase.o(.text.task_auto_start) referenced 2 times from main.o(.text.main)
 <LI><a href="#[c8]">task_net_start</a> from phase.o(.text.task_net_start) referenced 2 times from main.o(.text.main)
</UL>
<P>
<H3>
Global Symbols
</H3>
<P><STRONG><a name="[b7]"></a>__main</STRONG> (Thumb, 8 bytes, Stack size 0 bytes, __main.o(!!!main))
<BR><BR>[Calls]<UL><LI><a href="#[cc]">&gt;&gt;</a>&nbsp;&nbsp;&nbsp;__rt_entry
<LI><a href="#[cb]">&gt;&gt;</a>&nbsp;&nbsp;&nbsp;__scatterload
</UL>
<BR>[Address Reference Count : 1]<UL><LI> startup_stm32f103xe.o(.text)
</UL>
<P><STRONG><a name="[cb]"></a>__scatterload</STRONG> (Thumb, 0 bytes, Stack size unknown bytes, __scatter.o(!!!scatter))
<BR><BR>[Called By]<UL><LI><a href="#[b7]">&gt;&gt;</a>&nbsp;&nbsp;&nbsp;__main
</UL>

<P><STRONG><a name="[cd]"></a>__scatterload_rt2</STRONG> (Thumb, 44 bytes, Stack size unknown bytes, __scatter.o(!!!scatter), UNUSED)
<BR><BR>[Calls]<UL><LI><a href="#[cc]">&gt;&gt;</a>&nbsp;&nbsp;&nbsp;__rt_entry
</UL>

<P><STRONG><a name="[349]"></a>__scatterload_rt2_thumb_only</STRONG> (Thumb, 0 bytes, Stack size unknown bytes, __scatter.o(!!!scatter), UNUSED)

<P><STRONG><a name="[34a]"></a>__scatterload_null</STRONG> (Thumb, 0 bytes, Stack size unknown bytes, __scatter.o(!!!scatter), UNUSED)

<P><STRONG><a name="[34b]"></a>__decompress</STRONG> (Thumb, 90 bytes, Stack size unknown bytes, __dczerorl2.o(!!dczerorl2), UNUSED)

<P><STRONG><a name="[34c]"></a>__decompress1</STRONG> (Thumb, 0 bytes, Stack size unknown bytes, __dczerorl2.o(!!dczerorl2), UNUSED)

<P><STRONG><a name="[34d]"></a>__scatterload_zeroinit</STRONG> (Thumb, 28 bytes, Stack size unknown bytes, __scatter_zi.o(!!handler_zi), UNUSED)

<P><STRONG><a name="[ce]"></a>_printf_n</STRONG> (Thumb, 0 bytes, Stack size unknown bytes, _printf_n.o(.ARM.Collect$$_printf_percent$$00000001))
<BR><BR>[Calls]<UL><LI><a href="#[cf]">&gt;&gt;</a>&nbsp;&nbsp;&nbsp;_printf_charcount
</UL>

<P><STRONG><a name="[100]"></a>_printf_percent</STRONG> (Thumb, 0 bytes, Stack size unknown bytes, _printf_percent.o(.ARM.Collect$$_printf_percent$$00000000))
<BR><BR>[Called By]<UL><LI><a href="#[fe]">&gt;&gt;</a>&nbsp;&nbsp;&nbsp;__printf
</UL>

<P><STRONG><a name="[d0]"></a>_printf_p</STRONG> (Thumb, 0 bytes, Stack size unknown bytes, _printf_p.o(.ARM.Collect$$_printf_percent$$00000002))
<BR><BR>[Stack]<UL><LI>Max Depth = 64 + Unknown Stack Size
<LI>Call Chain = _printf_p &rArr; _printf_hex_ptr &rArr; _printf_longlong_hex &rArr; _printf_int_common &rArr; _printf_post_padding
</UL>
<BR>[Calls]<UL><LI><a href="#[d1]">&gt;&gt;</a>&nbsp;&nbsp;&nbsp;_printf_hex_ptr
</UL>

<P><STRONG><a name="[d2]"></a>_printf_f</STRONG> (Thumb, 0 bytes, Stack size unknown bytes, _printf_f.o(.ARM.Collect$$_printf_percent$$00000003))
<BR><BR>[Stack]<UL><LI>Max Depth = 324 + Unknown Stack Size
<LI>Call Chain = _printf_f &rArr; _printf_fp_dec &rArr; _printf_fp_dec_real &rArr; _fp_digits &rArr; _btod_etento &rArr; _btod_emul &rArr; _e2e
</UL>
<BR>[Calls]<UL><LI><a href="#[d3]">&gt;&gt;</a>&nbsp;&nbsp;&nbsp;_printf_fp_dec
</UL>

<P><STRONG><a name="[d4]"></a>_printf_i</STRONG> (Thumb, 0 bytes, Stack size unknown bytes, _printf_i.o(.ARM.Collect$$_printf_percent$$00000008))
<BR><BR>[Stack]<UL><LI>Max Depth = 72 + Unknown Stack Size
<LI>Call Chain = _printf_i &rArr; _printf_int_dec &rArr; _printf_int_common &rArr; _printf_post_padding
</UL>
<BR>[Calls]<UL><LI><a href="#[d5]">&gt;&gt;</a>&nbsp;&nbsp;&nbsp;_printf_int_dec
</UL>

<P><STRONG><a name="[d6]"></a>_printf_d</STRONG> (Thumb, 0 bytes, Stack size unknown bytes, _printf_d.o(.ARM.Collect$$_printf_percent$$00000009))
<BR><BR>[Stack]<UL><LI>Max Depth = 72 + Unknown Stack Size
<LI>Call Chain = _printf_d &rArr; _printf_int_dec &rArr; _printf_int_common &rArr; _printf_post_padding
</UL>
<BR>[Calls]<UL><LI><a href="#[d5]">&gt;&gt;</a>&nbsp;&nbsp;&nbsp;_printf_int_dec
</UL>

<P><STRONG><a name="[d7]"></a>_printf_u</STRONG> (Thumb, 0 bytes, Stack size unknown bytes, _printf_u.o(.ARM.Collect$$_printf_percent$$0000000A))
<BR><BR>[Stack]<UL><LI>Max Depth = 72 + Unknown Stack Size
<LI>Call Chain = _printf_u &rArr; _printf_int_dec &rArr; _printf_int_common &rArr; _printf_post_padding
</UL>
<BR>[Calls]<UL><LI><a href="#[d5]">&gt;&gt;</a>&nbsp;&nbsp;&nbsp;_printf_int_dec
</UL>

<P><STRONG><a name="[d8]"></a>_printf_o</STRONG> (Thumb, 0 bytes, Stack size unknown bytes, _printf_o.o(.ARM.Collect$$_printf_percent$$0000000B))
<BR><BR>[Stack]<UL><LI>Max Depth = 64 + Unknown Stack Size
<LI>Call Chain = _printf_o &rArr; _printf_int_oct &rArr; _printf_int_common &rArr; _printf_post_padding
</UL>
<BR>[Calls]<UL><LI><a href="#[d9]">&gt;&gt;</a>&nbsp;&nbsp;&nbsp;_printf_int_oct
</UL>

<P><STRONG><a name="[da]"></a>_printf_x</STRONG> (Thumb, 0 bytes, Stack size unknown bytes, _printf_x.o(.ARM.Collect$$_printf_percent$$0000000C))
<BR><BR>[Stack]<UL><LI>Max Depth = 80 + Unknown Stack Size
<LI>Call Chain = _printf_x &rArr; _printf_int_hex &rArr; _printf_longlong_hex &rArr; _printf_int_common &rArr; _printf_post_padding
</UL>
<BR>[Calls]<UL><LI><a href="#[db]">&gt;&gt;</a>&nbsp;&nbsp;&nbsp;_printf_int_hex
</UL>

<P><STRONG><a name="[34e]"></a>_printf_l</STRONG> (Thumb, 0 bytes, Stack size unknown bytes, _printf_l.o(.ARM.Collect$$_printf_percent$$00000012))

<P><STRONG><a name="[dc]"></a>_printf_c</STRONG> (Thumb, 0 bytes, Stack size unknown bytes, _printf_c.o(.ARM.Collect$$_printf_percent$$00000013))
<BR><BR>[Stack]<UL><LI>Max Depth = 40 + Unknown Stack Size
<LI>Call Chain = _printf_c &rArr; _printf_char &rArr; _printf_cs_common &rArr; _printf_str &rArr; _printf_post_padding
</UL>
<BR>[Calls]<UL><LI><a href="#[dd]">&gt;&gt;</a>&nbsp;&nbsp;&nbsp;_printf_char
</UL>

<P><STRONG><a name="[de]"></a>_printf_s</STRONG> (Thumb, 0 bytes, Stack size unknown bytes, _printf_s.o(.ARM.Collect$$_printf_percent$$00000014))
<BR><BR>[Stack]<UL><LI>Max Depth = 40 + Unknown Stack Size
<LI>Call Chain = _printf_s &rArr; _printf_string &rArr; _printf_cs_common &rArr; _printf_str &rArr; _printf_post_padding
</UL>
<BR>[Calls]<UL><LI><a href="#[df]">&gt;&gt;</a>&nbsp;&nbsp;&nbsp;_printf_string
</UL>

<P><STRONG><a name="[e0]"></a>_printf_lc</STRONG> (Thumb, 0 bytes, Stack size unknown bytes, _printf_lc.o(.ARM.Collect$$_printf_percent$$00000015))
<BR><BR>[Stack]<UL><LI>Max Depth = 88 + Unknown Stack Size
<LI>Call Chain = _printf_lc &rArr; _printf_wchar &rArr; _printf_lcs_common &rArr; _printf_wctomb &rArr; _wcrtomb
</UL>
<BR>[Calls]<UL><LI><a href="#[e1]">&gt;&gt;</a>&nbsp;&nbsp;&nbsp;_printf_wchar
</UL>

<P><STRONG><a name="[34f]"></a>_printf_percent_end</STRONG> (Thumb, 0 bytes, Stack size unknown bytes, _printf_percent_end.o(.ARM.Collect$$_printf_percent$$00000017))

<P><STRONG><a name="[ea]"></a>__rt_lib_init</STRONG> (Thumb, 0 bytes, Stack size unknown bytes, libinit.o(.ARM.Collect$$libinit$$00000000))
<BR><BR>[Called By]<UL><LI><a href="#[e9]">&gt;&gt;</a>&nbsp;&nbsp;&nbsp;__rt_entry_li
</UL>

<P><STRONG><a name="[350]"></a>__rt_lib_init_fp_1</STRONG> (Thumb, 0 bytes, Stack size unknown bytes, libinit2.o(.ARM.Collect$$libinit$$00000002))

<P><STRONG><a name="[351]"></a>__rt_lib_init_heap_1</STRONG> (Thumb, 0 bytes, Stack size unknown bytes, libinit2.o(.ARM.Collect$$libinit$$0000000C))

<P><STRONG><a name="[e2]"></a>__rt_lib_init_lc_common</STRONG> (Thumb, 0 bytes, Stack size unknown bytes, libinit2.o(.ARM.Collect$$libinit$$00000011))
<BR><BR>[Calls]<UL><LI><a href="#[e3]">&gt;&gt;</a>&nbsp;&nbsp;&nbsp;__rt_locale
</UL>

<P><STRONG><a name="[352]"></a>__rt_lib_init_preinit_1</STRONG> (Thumb, 0 bytes, Stack size unknown bytes, libinit2.o(.ARM.Collect$$libinit$$00000006))

<P><STRONG><a name="[353]"></a>__rt_lib_init_rand_1</STRONG> (Thumb, 0 bytes, Stack size unknown bytes, libinit2.o(.ARM.Collect$$libinit$$00000010))

<P><STRONG><a name="[354]"></a>__rt_lib_init_relocate_pie_1</STRONG> (Thumb, 0 bytes, Stack size unknown bytes, libinit2.o(.ARM.Collect$$libinit$$00000004))

<P><STRONG><a name="[355]"></a>__rt_lib_init_user_alloc_1</STRONG> (Thumb, 0 bytes, Stack size unknown bytes, libinit2.o(.ARM.Collect$$libinit$$0000000E))

<P><STRONG><a name="[356]"></a>__rt_lib_init_lc_collate_1</STRONG> (Thumb, 0 bytes, Stack size unknown bytes, libinit2.o(.ARM.Collect$$libinit$$00000013))

<P><STRONG><a name="[e4]"></a>__rt_lib_init_lc_ctype_2</STRONG> (Thumb, 0 bytes, Stack size unknown bytes, libinit2.o(.ARM.Collect$$libinit$$00000014))
<BR><BR>[Stack]<UL><LI>Max Depth = 8 + Unknown Stack Size
<LI>Call Chain = __rt_lib_init_lc_ctype_2 &rArr; _get_lc_ctype
</UL>
<BR>[Calls]<UL><LI><a href="#[b8]">&gt;&gt;</a>&nbsp;&nbsp;&nbsp;_get_lc_ctype
</UL>

<P><STRONG><a name="[357]"></a>__rt_lib_init_lc_ctype_1</STRONG> (Thumb, 0 bytes, Stack size unknown bytes, libinit2.o(.ARM.Collect$$libinit$$00000015))

<P><STRONG><a name="[358]"></a>__rt_lib_init_lc_monetary_1</STRONG> (Thumb, 0 bytes, Stack size unknown bytes, libinit2.o(.ARM.Collect$$libinit$$00000017))

<P><STRONG><a name="[e5]"></a>__rt_lib_init_lc_numeric_2</STRONG> (Thumb, 0 bytes, Stack size unknown bytes, libinit2.o(.ARM.Collect$$libinit$$00000018))
<BR><BR>[Stack]<UL><LI>Max Depth = 8 + Unknown Stack Size
<LI>Call Chain = __rt_lib_init_lc_numeric_2 &rArr; _get_lc_numeric
</UL>
<BR>[Calls]<UL><LI><a href="#[e6]">&gt;&gt;</a>&nbsp;&nbsp;&nbsp;_get_lc_numeric
</UL>

<P><STRONG><a name="[359]"></a>__rt_lib_init_alloca_1</STRONG> (Thumb, 0 bytes, Stack size unknown bytes, libinit2.o(.ARM.Collect$$libinit$$00000030))

<P><STRONG><a name="[35a]"></a>__rt_lib_init_argv_1</STRONG> (Thumb, 0 bytes, Stack size unknown bytes, libinit2.o(.ARM.Collect$$libinit$$0000002E))

<P><STRONG><a name="[35b]"></a>__rt_lib_init_atexit_1</STRONG> (Thumb, 0 bytes, Stack size unknown bytes, libinit2.o(.ARM.Collect$$libinit$$0000001D))

<P><STRONG><a name="[35c]"></a>__rt_lib_init_clock_1</STRONG> (Thumb, 0 bytes, Stack size unknown bytes, libinit2.o(.ARM.Collect$$libinit$$00000023))

<P><STRONG><a name="[35d]"></a>__rt_lib_init_cpp_1</STRONG> (Thumb, 0 bytes, Stack size unknown bytes, libinit2.o(.ARM.Collect$$libinit$$00000034))

<P><STRONG><a name="[35e]"></a>__rt_lib_init_exceptions_1</STRONG> (Thumb, 0 bytes, Stack size unknown bytes, libinit2.o(.ARM.Collect$$libinit$$00000032))

<P><STRONG><a name="[35f]"></a>__rt_lib_init_fp_trap_1</STRONG> (Thumb, 0 bytes, Stack size unknown bytes, libinit2.o(.ARM.Collect$$libinit$$00000021))

<P><STRONG><a name="[360]"></a>__rt_lib_init_getenv_1</STRONG> (Thumb, 0 bytes, Stack size unknown bytes, libinit2.o(.ARM.Collect$$libinit$$00000025))

<P><STRONG><a name="[361]"></a>__rt_lib_init_lc_numeric_1</STRONG> (Thumb, 0 bytes, Stack size unknown bytes, libinit2.o(.ARM.Collect$$libinit$$00000019))

<P><STRONG><a name="[362]"></a>__rt_lib_init_lc_time_1</STRONG> (Thumb, 0 bytes, Stack size unknown bytes, libinit2.o(.ARM.Collect$$libinit$$0000001B))

<P><STRONG><a name="[363]"></a>__rt_lib_init_return</STRONG> (Thumb, 0 bytes, Stack size unknown bytes, libinit2.o(.ARM.Collect$$libinit$$00000035))

<P><STRONG><a name="[364]"></a>__rt_lib_init_signal_1</STRONG> (Thumb, 0 bytes, Stack size unknown bytes, libinit2.o(.ARM.Collect$$libinit$$0000001F))

<P><STRONG><a name="[365]"></a>__rt_lib_init_stdio_1</STRONG> (Thumb, 0 bytes, Stack size unknown bytes, libinit2.o(.ARM.Collect$$libinit$$00000027))

<P><STRONG><a name="[ef]"></a>__rt_lib_shutdown</STRONG> (Thumb, 0 bytes, Stack size unknown bytes, libshutdown.o(.ARM.Collect$$libshutdown$$00000000))
<BR><BR>[Called By]<UL><LI><a href="#[ee]">&gt;&gt;</a>&nbsp;&nbsp;&nbsp;__rt_exit_ls
</UL>

<P><STRONG><a name="[366]"></a>__rt_lib_shutdown_cpp_1</STRONG> (Thumb, 0 bytes, Stack size unknown bytes, libshutdown2.o(.ARM.Collect$$libshutdown$$00000002))

<P><STRONG><a name="[367]"></a>__rt_lib_shutdown_fp_trap_1</STRONG> (Thumb, 0 bytes, Stack size unknown bytes, libshutdown2.o(.ARM.Collect$$libshutdown$$00000007))

<P><STRONG><a name="[368]"></a>__rt_lib_shutdown_heap_1</STRONG> (Thumb, 0 bytes, Stack size unknown bytes, libshutdown2.o(.ARM.Collect$$libshutdown$$0000000F))

<P><STRONG><a name="[369]"></a>__rt_lib_shutdown_return</STRONG> (Thumb, 0 bytes, Stack size unknown bytes, libshutdown2.o(.ARM.Collect$$libshutdown$$00000010))

<P><STRONG><a name="[36a]"></a>__rt_lib_shutdown_signal_1</STRONG> (Thumb, 0 bytes, Stack size unknown bytes, libshutdown2.o(.ARM.Collect$$libshutdown$$0000000A))

<P><STRONG><a name="[36b]"></a>__rt_lib_shutdown_stdio_1</STRONG> (Thumb, 0 bytes, Stack size unknown bytes, libshutdown2.o(.ARM.Collect$$libshutdown$$00000004))

<P><STRONG><a name="[36c]"></a>__rt_lib_shutdown_user_alloc_1</STRONG> (Thumb, 0 bytes, Stack size unknown bytes, libshutdown2.o(.ARM.Collect$$libshutdown$$0000000C))

<P><STRONG><a name="[cc]"></a>__rt_entry</STRONG> (Thumb, 0 bytes, Stack size unknown bytes, __rtentry.o(.ARM.Collect$$rtentry$$00000000))
<BR><BR>[Called By]<UL><LI><a href="#[b7]">&gt;&gt;</a>&nbsp;&nbsp;&nbsp;__main
<LI><a href="#[cd]">&gt;&gt;</a>&nbsp;&nbsp;&nbsp;__scatterload_rt2
</UL>

<P><STRONG><a name="[36d]"></a>__rt_entry_presh_1</STRONG> (Thumb, 0 bytes, Stack size unknown bytes, __rtentry2.o(.ARM.Collect$$rtentry$$00000002))

<P><STRONG><a name="[e7]"></a>__rt_entry_sh</STRONG> (Thumb, 0 bytes, Stack size unknown bytes, __rtentry4.o(.ARM.Collect$$rtentry$$00000004))
<BR><BR>[Stack]<UL><LI>Max Depth = 8 + Unknown Stack Size
<LI>Call Chain = __rt_entry_sh &rArr; __user_setup_stackheap
</UL>
<BR>[Calls]<UL><LI><a href="#[e8]">&gt;&gt;</a>&nbsp;&nbsp;&nbsp;__user_setup_stackheap
</UL>

<P><STRONG><a name="[e9]"></a>__rt_entry_li</STRONG> (Thumb, 0 bytes, Stack size unknown bytes, __rtentry2.o(.ARM.Collect$$rtentry$$0000000A))
<BR><BR>[Calls]<UL><LI><a href="#[ea]">&gt;&gt;</a>&nbsp;&nbsp;&nbsp;__rt_lib_init
</UL>

<P><STRONG><a name="[36e]"></a>__rt_entry_postsh_1</STRONG> (Thumb, 0 bytes, Stack size unknown bytes, __rtentry2.o(.ARM.Collect$$rtentry$$00000009))

<P><STRONG><a name="[eb]"></a>__rt_entry_main</STRONG> (Thumb, 0 bytes, Stack size unknown bytes, __rtentry2.o(.ARM.Collect$$rtentry$$0000000D))
<BR><BR>[Stack]<UL><LI>Max Depth = 1252 + Unknown Stack Size
<LI>Call Chain = __rt_entry_main &rArr; main &rArr; serial_process &rArr; command_process &rArr; command_arc &rArr; __0sscanf &rArr; __vfscanf_char &rArr; __vfscanf &rArr; _scanf_real &rArr; _scanf_really_real &rArr; _fp_value &rArr; _btod_etento &rArr; _btod_emul &rArr; _e2e
</UL>
<BR>[Calls]<UL><LI><a href="#[ec]">&gt;&gt;</a>&nbsp;&nbsp;&nbsp;main
<LI><a href="#[ed]">&gt;&gt;</a>&nbsp;&nbsp;&nbsp;exit
</UL>

<P><STRONG><a name="[36f]"></a>__rt_entry_postli_1</STRONG> (Thumb, 0 bytes, Stack size unknown bytes, __rtentry2.o(.ARM.Collect$$rtentry$$0000000C))

<P><STRONG><a name="[128]"></a>__rt_exit</STRONG> (Thumb, 0 bytes, Stack size unknown bytes, rtexit.o(.ARM.Collect$$rtexit$$00000000))
<BR><BR>[Called By]<UL><LI><a href="#[ed]">&gt;&gt;</a>&nbsp;&nbsp;&nbsp;exit
</UL>

<P><STRONG><a name="[ee]"></a>__rt_exit_ls</STRONG> (Thumb, 0 bytes, Stack size unknown bytes, rtexit2.o(.ARM.Collect$$rtexit$$00000003))
<BR><BR>[Calls]<UL><LI><a href="#[ef]">&gt;&gt;</a>&nbsp;&nbsp;&nbsp;__rt_lib_shutdown
</UL>

<P><STRONG><a name="[370]"></a>__rt_exit_prels_1</STRONG> (Thumb, 0 bytes, Stack size unknown bytes, rtexit2.o(.ARM.Collect$$rtexit$$00000002))

<P><STRONG><a name="[f0]"></a>__rt_exit_exit</STRONG> (Thumb, 0 bytes, Stack size unknown bytes, rtexit2.o(.ARM.Collect$$rtexit$$00000004))
<BR><BR>[Calls]<UL><LI><a href="#[f1]">&gt;&gt;</a>&nbsp;&nbsp;&nbsp;_sys_exit
</UL>

<P><STRONG><a name="[70]"></a>Reset_Handler</STRONG> (Thumb, 8 bytes, Stack size 0 bytes, startup_stm32f103xe.o(.text))
<BR>[Address Reference Count : 1]<UL><LI> startup_stm32f103xe.o(RESET)
</UL>
<P><STRONG><a name="[8c]"></a>ADC1_2_IRQHandler</STRONG> (Thumb, 0 bytes, Stack size 0 bytes, startup_stm32f103xe.o(.text))
<BR><BR>[Calls]<UL><LI><a href="#[8c]">&gt;&gt;</a>&nbsp;&nbsp;&nbsp;ADC1_2_IRQHandler
</UL>
<BR>[Called By]<UL><LI><a href="#[8c]">&gt;&gt;</a>&nbsp;&nbsp;&nbsp;ADC1_2_IRQHandler
</UL>
<BR>[Address Reference Count : 1]<UL><LI> startup_stm32f103xe.o(RESET)
</UL>
<P><STRONG><a name="[a9]"></a>ADC3_IRQHandler</STRONG> (Thumb, 0 bytes, Stack size 0 bytes, startup_stm32f103xe.o(.text))
<BR>[Address Reference Count : 1]<UL><LI> startup_stm32f103xe.o(RESET)
</UL>
<P><STRONG><a name="[8f]"></a>CAN1_RX1_IRQHandler</STRONG> (Thumb, 0 bytes, Stack size 0 bytes, startup_stm32f103xe.o(.text))
<BR>[Address Reference Count : 1]<UL><LI> startup_stm32f103xe.o(RESET)
</UL>
<P><STRONG><a name="[90]"></a>CAN1_SCE_IRQHandler</STRONG> (Thumb, 0 bytes, Stack size 0 bytes, startup_stm32f103xe.o(.text))
<BR>[Address Reference Count : 1]<UL><LI> startup_stm32f103xe.o(RESET)
</UL>
<P><STRONG><a name="[86]"></a>DMA1_Channel2_IRQHandler</STRONG> (Thumb, 0 bytes, Stack size 0 bytes, startup_stm32f103xe.o(.text))
<BR>[Address Reference Count : 1]<UL><LI> startup_stm32f103xe.o(RESET)
</UL>
<P><STRONG><a name="[87]"></a>DMA1_Channel3_IRQHandler</STRONG> (Thumb, 0 bytes, Stack size 0 bytes, startup_stm32f103xe.o(.text))
<BR>[Address Reference Count : 1]<UL><LI> startup_stm32f103xe.o(RESET)
</UL>
<P><STRONG><a name="[88]"></a>DMA1_Channel4_IRQHandler</STRONG> (Thumb, 0 bytes, Stack size 0 bytes, startup_stm32f103xe.o(.text))
<BR>[Address Reference Count : 1]<UL><LI> startup_stm32f103xe.o(RESET)
</UL>
<P><STRONG><a name="[89]"></a>DMA1_Channel5_IRQHandler</STRONG> (Thumb, 0 bytes, Stack size 0 bytes, startup_stm32f103xe.o(.text))
<BR>[Address Reference Count : 1]<UL><LI> startup_stm32f103xe.o(RESET)
</UL>
<P><STRONG><a name="[8a]"></a>DMA1_Channel6_IRQHandler</STRONG> (Thumb, 0 bytes, Stack size 0 bytes, startup_stm32f103xe.o(.text))
<BR>[Address Reference Count : 1]<UL><LI> startup_stm32f103xe.o(RESET)
</UL>
<P><STRONG><a name="[8b]"></a>DMA1_Channel7_IRQHandler</STRONG> (Thumb, 0 bytes, Stack size 0 bytes, startup_stm32f103xe.o(.text))
<BR>[Address Reference Count : 1]<UL><LI> startup_stm32f103xe.o(RESET)
</UL>
<P><STRONG><a name="[b2]"></a>DMA2_Channel1_IRQHandler</STRONG> (Thumb, 0 bytes, Stack size 0 bytes, startup_stm32f103xe.o(.text))
<BR>[Address Reference Count : 1]<UL><LI> startup_stm32f103xe.o(RESET)
</UL>
<P><STRONG><a name="[b3]"></a>DMA2_Channel2_IRQHandler</STRONG> (Thumb, 0 bytes, Stack size 0 bytes, startup_stm32f103xe.o(.text))
<BR>[Address Reference Count : 1]<UL><LI> startup_stm32f103xe.o(RESET)
</UL>
<P><STRONG><a name="[b4]"></a>DMA2_Channel3_IRQHandler</STRONG> (Thumb, 0 bytes, Stack size 0 bytes, startup_stm32f103xe.o(.text))
<BR>[Address Reference Count : 1]<UL><LI> startup_stm32f103xe.o(RESET)
</UL>
<P><STRONG><a name="[b5]"></a>DMA2_Channel4_5_IRQHandler</STRONG> (Thumb, 0 bytes, Stack size 0 bytes, startup_stm32f103xe.o(.text))
<BR>[Address Reference Count : 1]<UL><LI> startup_stm32f103xe.o(RESET)
</UL>
<P><STRONG><a name="[80]"></a>EXTI0_IRQHandler</STRONG> (Thumb, 0 bytes, Stack size 0 bytes, startup_stm32f103xe.o(.text))
<BR>[Address Reference Count : 1]<UL><LI> startup_stm32f103xe.o(RESET)
</UL>
<P><STRONG><a name="[a2]"></a>EXTI15_10_IRQHandler</STRONG> (Thumb, 0 bytes, Stack size 0 bytes, startup_stm32f103xe.o(.text))
<BR>[Address Reference Count : 1]<UL><LI> startup_stm32f103xe.o(RESET)
</UL>
<P><STRONG><a name="[81]"></a>EXTI1_IRQHandler</STRONG> (Thumb, 0 bytes, Stack size 0 bytes, startup_stm32f103xe.o(.text))
<BR>[Address Reference Count : 1]<UL><LI> startup_stm32f103xe.o(RESET)
</UL>
<P><STRONG><a name="[82]"></a>EXTI2_IRQHandler</STRONG> (Thumb, 0 bytes, Stack size 0 bytes, startup_stm32f103xe.o(.text))
<BR>[Address Reference Count : 1]<UL><LI> startup_stm32f103xe.o(RESET)
</UL>
<P><STRONG><a name="[83]"></a>EXTI3_IRQHandler</STRONG> (Thumb, 0 bytes, Stack size 0 bytes, startup_stm32f103xe.o(.text))
<BR>[Address Reference Count : 1]<UL><LI> startup_stm32f103xe.o(RESET)
</UL>
<P><STRONG><a name="[84]"></a>EXTI4_IRQHandler</STRONG> (Thumb, 0 bytes, Stack size 0 bytes, startup_stm32f103xe.o(.text))
<BR>[Address Reference Count : 1]<UL><LI> startup_stm32f103xe.o(RESET)
</UL>
<P><STRONG><a name="[91]"></a>EXTI9_5_IRQHandler</STRONG> (Thumb, 0 bytes, Stack size 0 bytes, startup_stm32f103xe.o(.text))
<BR>[Address Reference Count : 1]<UL><LI> startup_stm32f103xe.o(RESET)
</UL>
<P><STRONG><a name="[7e]"></a>FLASH_IRQHandler</STRONG> (Thumb, 0 bytes, Stack size 0 bytes, startup_stm32f103xe.o(.text))
<BR>[Address Reference Count : 1]<UL><LI> startup_stm32f103xe.o(RESET)
</UL>
<P><STRONG><a name="[aa]"></a>FSMC_IRQHandler</STRONG> (Thumb, 0 bytes, Stack size 0 bytes, startup_stm32f103xe.o(.text))
<BR>[Address Reference Count : 1]<UL><LI> startup_stm32f103xe.o(RESET)
</UL>
<P><STRONG><a name="[9a]"></a>I2C1_ER_IRQHandler</STRONG> (Thumb, 0 bytes, Stack size 0 bytes, startup_stm32f103xe.o(.text))
<BR>[Address Reference Count : 1]<UL><LI> startup_stm32f103xe.o(RESET)
</UL>
<P><STRONG><a name="[99]"></a>I2C1_EV_IRQHandler</STRONG> (Thumb, 0 bytes, Stack size 0 bytes, startup_stm32f103xe.o(.text))
<BR>[Address Reference Count : 1]<UL><LI> startup_stm32f103xe.o(RESET)
</UL>
<P><STRONG><a name="[9c]"></a>I2C2_ER_IRQHandler</STRONG> (Thumb, 0 bytes, Stack size 0 bytes, startup_stm32f103xe.o(.text))
<BR>[Address Reference Count : 1]<UL><LI> startup_stm32f103xe.o(RESET)
</UL>
<P><STRONG><a name="[9b]"></a>I2C2_EV_IRQHandler</STRONG> (Thumb, 0 bytes, Stack size 0 bytes, startup_stm32f103xe.o(.text))
<BR>[Address Reference Count : 1]<UL><LI> startup_stm32f103xe.o(RESET)
</UL>
<P><STRONG><a name="[7b]"></a>PVD_IRQHandler</STRONG> (Thumb, 0 bytes, Stack size 0 bytes, startup_stm32f103xe.o(.text))
<BR>[Address Reference Count : 1]<UL><LI> startup_stm32f103xe.o(RESET)
</UL>
<P><STRONG><a name="[7f]"></a>RCC_IRQHandler</STRONG> (Thumb, 0 bytes, Stack size 0 bytes, startup_stm32f103xe.o(.text))
<BR>[Address Reference Count : 1]<UL><LI> startup_stm32f103xe.o(RESET)
</UL>
<P><STRONG><a name="[a3]"></a>RTC_Alarm_IRQHandler</STRONG> (Thumb, 0 bytes, Stack size 0 bytes, startup_stm32f103xe.o(.text))
<BR>[Address Reference Count : 1]<UL><LI> startup_stm32f103xe.o(RESET)
</UL>
<P><STRONG><a name="[7d]"></a>RTC_IRQHandler</STRONG> (Thumb, 0 bytes, Stack size 0 bytes, startup_stm32f103xe.o(.text))
<BR>[Address Reference Count : 1]<UL><LI> startup_stm32f103xe.o(RESET)
</UL>
<P><STRONG><a name="[ab]"></a>SDIO_IRQHandler</STRONG> (Thumb, 0 bytes, Stack size 0 bytes, startup_stm32f103xe.o(.text))
<BR>[Address Reference Count : 1]<UL><LI> startup_stm32f103xe.o(RESET)
</UL>
<P><STRONG><a name="[9d]"></a>SPI1_IRQHandler</STRONG> (Thumb, 0 bytes, Stack size 0 bytes, startup_stm32f103xe.o(.text))
<BR>[Address Reference Count : 1]<UL><LI> startup_stm32f103xe.o(RESET)
</UL>
<P><STRONG><a name="[9e]"></a>SPI2_IRQHandler</STRONG> (Thumb, 0 bytes, Stack size 0 bytes, startup_stm32f103xe.o(.text))
<BR>[Address Reference Count : 1]<UL><LI> startup_stm32f103xe.o(RESET)
</UL>
<P><STRONG><a name="[ad]"></a>SPI3_IRQHandler</STRONG> (Thumb, 0 bytes, Stack size 0 bytes, startup_stm32f103xe.o(.text))
<BR>[Address Reference Count : 1]<UL><LI> startup_stm32f103xe.o(RESET)
</UL>
<P><STRONG><a name="[7c]"></a>TAMPER_IRQHandler</STRONG> (Thumb, 0 bytes, Stack size 0 bytes, startup_stm32f103xe.o(.text))
<BR>[Address Reference Count : 1]<UL><LI> startup_stm32f103xe.o(RESET)
</UL>
<P><STRONG><a name="[92]"></a>TIM1_BRK_IRQHandler</STRONG> (Thumb, 0 bytes, Stack size 0 bytes, startup_stm32f103xe.o(.text))
<BR>[Address Reference Count : 1]<UL><LI> startup_stm32f103xe.o(RESET)
</UL>
<P><STRONG><a name="[95]"></a>TIM1_CC_IRQHandler</STRONG> (Thumb, 0 bytes, Stack size 0 bytes, startup_stm32f103xe.o(.text))
<BR>[Address Reference Count : 1]<UL><LI> startup_stm32f103xe.o(RESET)
</UL>
<P><STRONG><a name="[94]"></a>TIM1_TRG_COM_IRQHandler</STRONG> (Thumb, 0 bytes, Stack size 0 bytes, startup_stm32f103xe.o(.text))
<BR>[Address Reference Count : 1]<UL><LI> startup_stm32f103xe.o(RESET)
</UL>
<P><STRONG><a name="[96]"></a>TIM2_IRQHandler</STRONG> (Thumb, 0 bytes, Stack size 0 bytes, startup_stm32f103xe.o(.text))
<BR>[Address Reference Count : 1]<UL><LI> startup_stm32f103xe.o(RESET)
</UL>
<P><STRONG><a name="[98]"></a>TIM4_IRQHandler</STRONG> (Thumb, 0 bytes, Stack size 0 bytes, startup_stm32f103xe.o(.text))
<BR>[Address Reference Count : 1]<UL><LI> startup_stm32f103xe.o(RESET)
</UL>
<P><STRONG><a name="[ac]"></a>TIM5_IRQHandler</STRONG> (Thumb, 0 bytes, Stack size 0 bytes, startup_stm32f103xe.o(.text))
<BR>[Address Reference Count : 1]<UL><LI> startup_stm32f103xe.o(RESET)
</UL>
<P><STRONG><a name="[b0]"></a>TIM6_IRQHandler</STRONG> (Thumb, 0 bytes, Stack size 0 bytes, startup_stm32f103xe.o(.text))
<BR>[Address Reference Count : 1]<UL><LI> startup_stm32f103xe.o(RESET)
</UL>
<P><STRONG><a name="[b1]"></a>TIM7_IRQHandler</STRONG> (Thumb, 0 bytes, Stack size 0 bytes, startup_stm32f103xe.o(.text))
<BR>[Address Reference Count : 1]<UL><LI> startup_stm32f103xe.o(RESET)
</UL>
<P><STRONG><a name="[a5]"></a>TIM8_BRK_IRQHandler</STRONG> (Thumb, 0 bytes, Stack size 0 bytes, startup_stm32f103xe.o(.text))
<BR>[Address Reference Count : 1]<UL><LI> startup_stm32f103xe.o(RESET)
</UL>
<P><STRONG><a name="[a8]"></a>TIM8_CC_IRQHandler</STRONG> (Thumb, 0 bytes, Stack size 0 bytes, startup_stm32f103xe.o(.text))
<BR>[Address Reference Count : 1]<UL><LI> startup_stm32f103xe.o(RESET)
</UL>
<P><STRONG><a name="[a7]"></a>TIM8_TRG_COM_IRQHandler</STRONG> (Thumb, 0 bytes, Stack size 0 bytes, startup_stm32f103xe.o(.text))
<BR>[Address Reference Count : 1]<UL><LI> startup_stm32f103xe.o(RESET)
</UL>
<P><STRONG><a name="[a6]"></a>TIM8_UP_IRQHandler</STRONG> (Thumb, 0 bytes, Stack size 0 bytes, startup_stm32f103xe.o(.text))
<BR>[Address Reference Count : 1]<UL><LI> startup_stm32f103xe.o(RESET)
</UL>
<P><STRONG><a name="[ae]"></a>UART4_IRQHandler</STRONG> (Thumb, 0 bytes, Stack size 0 bytes, startup_stm32f103xe.o(.text))
<BR>[Address Reference Count : 1]<UL><LI> startup_stm32f103xe.o(RESET)
</UL>
<P><STRONG><a name="[af]"></a>UART5_IRQHandler</STRONG> (Thumb, 0 bytes, Stack size 0 bytes, startup_stm32f103xe.o(.text))
<BR>[Address Reference Count : 1]<UL><LI> startup_stm32f103xe.o(RESET)
</UL>
<P><STRONG><a name="[a1]"></a>USART3_IRQHandler</STRONG> (Thumb, 0 bytes, Stack size 0 bytes, startup_stm32f103xe.o(.text))
<BR>[Address Reference Count : 1]<UL><LI> startup_stm32f103xe.o(RESET)
</UL>
<P><STRONG><a name="[a4]"></a>USBWakeUp_IRQHandler</STRONG> (Thumb, 0 bytes, Stack size 0 bytes, startup_stm32f103xe.o(.text))
<BR>[Address Reference Count : 1]<UL><LI> startup_stm32f103xe.o(RESET)
</UL>
<P><STRONG><a name="[8d]"></a>USB_HP_CAN1_TX_IRQHandler</STRONG> (Thumb, 0 bytes, Stack size 0 bytes, startup_stm32f103xe.o(.text))
<BR>[Address Reference Count : 1]<UL><LI> startup_stm32f103xe.o(RESET)
</UL>
<P><STRONG><a name="[8e]"></a>USB_LP_CAN1_RX0_IRQHandler</STRONG> (Thumb, 0 bytes, Stack size 0 bytes, startup_stm32f103xe.o(.text))
<BR>[Address Reference Count : 1]<UL><LI> startup_stm32f103xe.o(RESET)
</UL>
<P><STRONG><a name="[7a]"></a>WWDG_IRQHandler</STRONG> (Thumb, 0 bytes, Stack size 0 bytes, startup_stm32f103xe.o(.text))
<BR>[Address Reference Count : 1]<UL><LI> startup_stm32f103xe.o(RESET)
</UL>
<P><STRONG><a name="[11f]"></a>__user_initial_stackheap</STRONG> (Thumb, 0 bytes, Stack size unknown bytes, startup_stm32f103xe.o(.text))
<BR><BR>[Called By]<UL><LI><a href="#[e8]">&gt;&gt;</a>&nbsp;&nbsp;&nbsp;__user_setup_stackheap
</UL>

<P><STRONG><a name="[f2]"></a>__rt_ctype_table</STRONG> (Thumb, 16 bytes, Stack size 8 bytes, rt_ctype_table.o(.text))
<BR><BR>[Stack]<UL><LI>Max Depth = 8<LI>Call Chain = __rt_ctype_table
</UL>
<BR>[Calls]<UL><LI><a href="#[e3]">&gt;&gt;</a>&nbsp;&nbsp;&nbsp;__rt_locale
</UL>
<BR>[Called By]<UL><LI><a href="#[2e7]">&gt;&gt;</a>&nbsp;&nbsp;&nbsp;lines_num
<LI><a href="#[239]">&gt;&gt;</a>&nbsp;&nbsp;&nbsp;paramStringMax
<LI><a href="#[261]">&gt;&gt;</a>&nbsp;&nbsp;&nbsp;paramStringC
<LI><a href="#[1cd]">&gt;&gt;</a>&nbsp;&nbsp;&nbsp;Trim
<LI><a href="#[be]">&gt;&gt;</a>&nbsp;&nbsp;&nbsp;isspace
<LI><a href="#[11d]">&gt;&gt;</a>&nbsp;&nbsp;&nbsp;_c16rtomb
</UL>

<P><STRONG><a name="[f3]"></a>__2sprintf</STRONG> (Thumb, 38 bytes, Stack size 32 bytes, __2sprintf.o(.text))
<BR><BR>[Stack]<UL><LI>Max Depth = 136 + Unknown Stack Size
<LI>Call Chain = __2sprintf &rArr; _printf_char_common &rArr; __printf
</UL>
<BR>[Calls]<UL><LI><a href="#[b9]">&gt;&gt;</a>&nbsp;&nbsp;&nbsp;_sputc
<LI><a href="#[f4]">&gt;&gt;</a>&nbsp;&nbsp;&nbsp;_printf_char_common
</UL>
<BR>[Called By]<UL><LI><a href="#[28c]">&gt;&gt;</a>&nbsp;&nbsp;&nbsp;gp_set_state
<LI><a href="#[213]">&gt;&gt;</a>&nbsp;&nbsp;&nbsp;Task_stat_one
<LI><a href="#[262]">&gt;&gt;</a>&nbsp;&nbsp;&nbsp;gp_value
<LI><a href="#[2b9]">&gt;&gt;</a>&nbsp;&nbsp;&nbsp;command_step
<LI><a href="#[2b8]">&gt;&gt;</a>&nbsp;&nbsp;&nbsp;command_run
<LI><a href="#[298]">&gt;&gt;</a>&nbsp;&nbsp;&nbsp;command_net
<LI><a href="#[243]">&gt;&gt;</a>&nbsp;&nbsp;&nbsp;command_cal
<LI><a href="#[2a2]">&gt;&gt;</a>&nbsp;&nbsp;&nbsp;command_phase
<LI><a href="#[23a]">&gt;&gt;</a>&nbsp;&nbsp;&nbsp;command_arc
<LI><a href="#[2b7]">&gt;&gt;</a>&nbsp;&nbsp;&nbsp;command_scan
<LI><a href="#[290]">&gt;&gt;</a>&nbsp;&nbsp;&nbsp;command_in
<LI><a href="#[24c]">&gt;&gt;</a>&nbsp;&nbsp;&nbsp;command_contlog
<LI><a href="#[24b]">&gt;&gt;</a>&nbsp;&nbsp;&nbsp;command_cont
<LI><a href="#[2a5]">&gt;&gt;</a>&nbsp;&nbsp;&nbsp;command_port
<LI><a href="#[242]">&gt;&gt;</a>&nbsp;&nbsp;&nbsp;command_blink
<LI><a href="#[23e]">&gt;&gt;</a>&nbsp;&nbsp;&nbsp;command_bind
<LI><a href="#[2b6]">&gt;&gt;</a>&nbsp;&nbsp;&nbsp;command_test
<LI><a href="#[2a3]">&gt;&gt;</a>&nbsp;&nbsp;&nbsp;command_phone
<LI><a href="#[293]">&gt;&gt;</a>&nbsp;&nbsp;&nbsp;command_modem
<LI><a href="#[2b4]">&gt;&gt;</a>&nbsp;&nbsp;&nbsp;command_wdt
<LI><a href="#[2b3]">&gt;&gt;</a>&nbsp;&nbsp;&nbsp;command_set
<LI><a href="#[2b2]">&gt;&gt;</a>&nbsp;&nbsp;&nbsp;command_timer
<LI><a href="#[2a1]">&gt;&gt;</a>&nbsp;&nbsp;&nbsp;command_ns
<LI><a href="#[238]">&gt;&gt;</a>&nbsp;&nbsp;&nbsp;command_addr
<LI><a href="#[2b0]">&gt;&gt;</a>&nbsp;&nbsp;&nbsp;command_server
<LI><a href="#[25c]">&gt;&gt;</a>&nbsp;&nbsp;&nbsp;command_flash
<LI><a href="#[2af]">&gt;&gt;</a>&nbsp;&nbsp;&nbsp;command_romcrc
<LI><a href="#[2ae]">&gt;&gt;</a>&nbsp;&nbsp;&nbsp;command_rom
<LI><a href="#[255]">&gt;&gt;</a>&nbsp;&nbsp;&nbsp;command_elog
<LI><a href="#[291]">&gt;&gt;</a>&nbsp;&nbsp;&nbsp;command_mem
<LI><a href="#[25f]">&gt;&gt;</a>&nbsp;&nbsp;&nbsp;command_gp
<LI><a href="#[2ad]">&gt;&gt;</a>&nbsp;&nbsp;&nbsp;command_time
<LI><a href="#[2ab]">&gt;&gt;</a>&nbsp;&nbsp;&nbsp;command_task
<LI><a href="#[313]">&gt;&gt;</a>&nbsp;&nbsp;&nbsp;task_auto_volt
<LI><a href="#[1fb]">&gt;&gt;</a>&nbsp;&nbsp;&nbsp;Phase_err_set
<LI><a href="#[307]">&gt;&gt;</a>&nbsp;&nbsp;&nbsp;modem_tcp_write
<LI><a href="#[2a9]">&gt;&gt;</a>&nbsp;&nbsp;&nbsp;command_process
<LI><a href="#[2fb]">&gt;&gt;</a>&nbsp;&nbsp;&nbsp;modem_cmd_process
<LI><a href="#[211]">&gt;&gt;</a>&nbsp;&nbsp;&nbsp;Task_process
<LI><a href="#[c9]">&gt;&gt;</a>&nbsp;&nbsp;&nbsp;task_auto_start
<LI><a href="#[ec]">&gt;&gt;</a>&nbsp;&nbsp;&nbsp;main
<LI><a href="#[2f1]">&gt;&gt;</a>&nbsp;&nbsp;&nbsp;serial_write_addr
<LI><a href="#[23c]">&gt;&gt;</a>&nbsp;&nbsp;&nbsp;uint32_to_hex
<LI><a href="#[214]">&gt;&gt;</a>&nbsp;&nbsp;&nbsp;timeFormat
<LI><a href="#[257]">&gt;&gt;</a>&nbsp;&nbsp;&nbsp;dateFormatS
<LI><a href="#[25e]">&gt;&gt;</a>&nbsp;&nbsp;&nbsp;dateFormat
<LI><a href="#[15a]">&gt;&gt;</a>&nbsp;&nbsp;&nbsp;Contactor_off
<LI><a href="#[15b]">&gt;&gt;</a>&nbsp;&nbsp;&nbsp;Contactor_on
<LI><a href="#[6c]">&gt;&gt;</a>&nbsp;&nbsp;&nbsp;C_rep_end
<LI><a href="#[6a]">&gt;&gt;</a>&nbsp;&nbsp;&nbsp;B_rep_end
<LI><a href="#[68]">&gt;&gt;</a>&nbsp;&nbsp;&nbsp;A_rep_end
<LI><a href="#[161]">&gt;&gt;</a>&nbsp;&nbsp;&nbsp;task_repair_begin
<LI><a href="#[65]">&gt;&gt;</a>&nbsp;&nbsp;&nbsp;Net_save
<LI><a href="#[60]">&gt;&gt;</a>&nbsp;&nbsp;&nbsp;C_delay_5sec
<LI><a href="#[165]">&gt;&gt;</a>&nbsp;&nbsp;&nbsp;C_KM_on
<LI><a href="#[167]">&gt;&gt;</a>&nbsp;&nbsp;&nbsp;C_KM9_on
<LI><a href="#[55]">&gt;&gt;</a>&nbsp;&nbsp;&nbsp;C_KM9_off
<LI><a href="#[166]">&gt;&gt;</a>&nbsp;&nbsp;&nbsp;C_KM_off
<LI><a href="#[4a]">&gt;&gt;</a>&nbsp;&nbsp;&nbsp;B_delay_5sec
<LI><a href="#[162]">&gt;&gt;</a>&nbsp;&nbsp;&nbsp;B_KM_on
<LI><a href="#[164]">&gt;&gt;</a>&nbsp;&nbsp;&nbsp;B_KM9_on
<LI><a href="#[3f]">&gt;&gt;</a>&nbsp;&nbsp;&nbsp;B_KM9_off
<LI><a href="#[163]">&gt;&gt;</a>&nbsp;&nbsp;&nbsp;B_KM_off
<LI><a href="#[14e]">&gt;&gt;</a>&nbsp;&nbsp;&nbsp;task_force_trans
<LI><a href="#[158]">&gt;&gt;</a>&nbsp;&nbsp;&nbsp;KM_Trans_off
<LI><a href="#[34]">&gt;&gt;</a>&nbsp;&nbsp;&nbsp;A_delay_5sec
<LI><a href="#[159]">&gt;&gt;</a>&nbsp;&nbsp;&nbsp;KM_Trans_on
<LI><a href="#[14f]">&gt;&gt;</a>&nbsp;&nbsp;&nbsp;A_KM_on
<LI><a href="#[15c]">&gt;&gt;</a>&nbsp;&nbsp;&nbsp;task_TransOff
<LI><a href="#[153]">&gt;&gt;</a>&nbsp;&nbsp;&nbsp;A_KM9_on
<LI><a href="#[15f]">&gt;&gt;</a>&nbsp;&nbsp;&nbsp;task_step_finish
<LI><a href="#[29]">&gt;&gt;</a>&nbsp;&nbsp;&nbsp;A_KM9_off
<LI><a href="#[150]">&gt;&gt;</a>&nbsp;&nbsp;&nbsp;A_KM_off
<LI><a href="#[15d]">&gt;&gt;</a>&nbsp;&nbsp;&nbsp;task_TransOn
<LI><a href="#[15e]">&gt;&gt;</a>&nbsp;&nbsp;&nbsp;task_step_begin
<LI><a href="#[1f]">&gt;&gt;</a>&nbsp;&nbsp;&nbsp;M_call_start
<LI><a href="#[1c]">&gt;&gt;</a>&nbsp;&nbsp;&nbsp;M_sms_start
<LI><a href="#[16]">&gt;&gt;</a>&nbsp;&nbsp;&nbsp;M_sub_tcp_start
<LI><a href="#[14]">&gt;&gt;</a>&nbsp;&nbsp;&nbsp;M_sub_gprs_IP
<LI><a href="#[12]">&gt;&gt;</a>&nbsp;&nbsp;&nbsp;M_sub_gprs_cont
<LI><a href="#[b]">&gt;&gt;</a>&nbsp;&nbsp;&nbsp;M_sub_check
<LI><a href="#[173]">&gt;&gt;</a>&nbsp;&nbsp;&nbsp;Task_try
<LI><a href="#[2e2]">&gt;&gt;</a>&nbsp;&nbsp;&nbsp;gp_input_adc
<LI><a href="#[2e3]">&gt;&gt;</a>&nbsp;&nbsp;&nbsp;gp_input_check
<LI><a href="#[2dc]">&gt;&gt;</a>&nbsp;&nbsp;&nbsp;gp_bind_renew_adc
<LI><a href="#[2e4]">&gt;&gt;</a>&nbsp;&nbsp;&nbsp;gp_log_state
<LI><a href="#[229]">&gt;&gt;</a>&nbsp;&nbsp;&nbsp;arc_rec_get
</UL>

<P><STRONG><a name="[f6]"></a>_printf_pre_padding</STRONG> (Thumb, 44 bytes, Stack size 16 bytes, _printf_pad.o(.text))
<BR><BR>[Stack]<UL><LI>Max Depth = 16<LI>Call Chain = _printf_pre_padding
</UL>
<BR>[Called By]<UL><LI><a href="#[115]">&gt;&gt;</a>&nbsp;&nbsp;&nbsp;_printf_fp_infnan
<LI><a href="#[113]">&gt;&gt;</a>&nbsp;&nbsp;&nbsp;_printf_fp_dec_real
<LI><a href="#[fa]">&gt;&gt;</a>&nbsp;&nbsp;&nbsp;_printf_int_common
<LI><a href="#[fb]">&gt;&gt;</a>&nbsp;&nbsp;&nbsp;_printf_wctomb
<LI><a href="#[f5]">&gt;&gt;</a>&nbsp;&nbsp;&nbsp;_printf_str
</UL>

<P><STRONG><a name="[f7]"></a>_printf_post_padding</STRONG> (Thumb, 34 bytes, Stack size 16 bytes, _printf_pad.o(.text))
<BR><BR>[Stack]<UL><LI>Max Depth = 16<LI>Call Chain = _printf_post_padding
</UL>
<BR>[Called By]<UL><LI><a href="#[115]">&gt;&gt;</a>&nbsp;&nbsp;&nbsp;_printf_fp_infnan
<LI><a href="#[113]">&gt;&gt;</a>&nbsp;&nbsp;&nbsp;_printf_fp_dec_real
<LI><a href="#[fa]">&gt;&gt;</a>&nbsp;&nbsp;&nbsp;_printf_int_common
<LI><a href="#[fb]">&gt;&gt;</a>&nbsp;&nbsp;&nbsp;_printf_wctomb
<LI><a href="#[f5]">&gt;&gt;</a>&nbsp;&nbsp;&nbsp;_printf_str
</UL>

<P><STRONG><a name="[f8]"></a>_printf_truncate_signed</STRONG> (Thumb, 18 bytes, Stack size 0 bytes, _printf_truncate.o(.text))
<BR><BR>[Called By]<UL><LI><a href="#[d5]">&gt;&gt;</a>&nbsp;&nbsp;&nbsp;_printf_int_dec
</UL>

<P><STRONG><a name="[f9]"></a>_printf_truncate_unsigned</STRONG> (Thumb, 18 bytes, Stack size 0 bytes, _printf_truncate.o(.text))
<BR><BR>[Called By]<UL><LI><a href="#[db]">&gt;&gt;</a>&nbsp;&nbsp;&nbsp;_printf_int_hex
<LI><a href="#[d9]">&gt;&gt;</a>&nbsp;&nbsp;&nbsp;_printf_int_oct
<LI><a href="#[d5]">&gt;&gt;</a>&nbsp;&nbsp;&nbsp;_printf_int_dec
</UL>

<P><STRONG><a name="[f5]"></a>_printf_str</STRONG> (Thumb, 82 bytes, Stack size 16 bytes, _printf_str.o(.text))
<BR><BR>[Stack]<UL><LI>Max Depth = 32<LI>Call Chain = _printf_str &rArr; _printf_post_padding
</UL>
<BR>[Calls]<UL><LI><a href="#[f7]">&gt;&gt;</a>&nbsp;&nbsp;&nbsp;_printf_post_padding
<LI><a href="#[f6]">&gt;&gt;</a>&nbsp;&nbsp;&nbsp;_printf_pre_padding
</UL>
<BR>[Called By]<UL><LI><a href="#[116]">&gt;&gt;</a>&nbsp;&nbsp;&nbsp;_printf_cs_common
</UL>

<P><STRONG><a name="[d5]"></a>_printf_int_dec</STRONG> (Thumb, 104 bytes, Stack size 24 bytes, _printf_dec.o(.text))
<BR><BR>[Stack]<UL><LI>Max Depth = 72<LI>Call Chain = _printf_int_dec &rArr; _printf_int_common &rArr; _printf_post_padding
</UL>
<BR>[Calls]<UL><LI><a href="#[fa]">&gt;&gt;</a>&nbsp;&nbsp;&nbsp;_printf_int_common
<LI><a href="#[f9]">&gt;&gt;</a>&nbsp;&nbsp;&nbsp;_printf_truncate_unsigned
<LI><a href="#[f8]">&gt;&gt;</a>&nbsp;&nbsp;&nbsp;_printf_truncate_signed
</UL>
<BR>[Called By]<UL><LI><a href="#[d7]">&gt;&gt;</a>&nbsp;&nbsp;&nbsp;_printf_u
<LI><a href="#[d6]">&gt;&gt;</a>&nbsp;&nbsp;&nbsp;_printf_d
<LI><a href="#[d4]">&gt;&gt;</a>&nbsp;&nbsp;&nbsp;_printf_i
</UL>

<P><STRONG><a name="[cf]"></a>_printf_charcount</STRONG> (Thumb, 40 bytes, Stack size 0 bytes, _printf_charcount.o(.text))
<BR><BR>[Called By]<UL><LI><a href="#[ce]">&gt;&gt;</a>&nbsp;&nbsp;&nbsp;_printf_n
</UL>

<P><STRONG><a name="[fb]"></a>_printf_wctomb</STRONG> (Thumb, 182 bytes, Stack size 56 bytes, _printf_wctomb.o(.text))
<BR><BR>[Stack]<UL><LI>Max Depth = 80<LI>Call Chain = _printf_wctomb &rArr; _wcrtomb
</UL>
<BR>[Calls]<UL><LI><a href="#[fc]">&gt;&gt;</a>&nbsp;&nbsp;&nbsp;_wcrtomb
<LI><a href="#[f7]">&gt;&gt;</a>&nbsp;&nbsp;&nbsp;_printf_post_padding
<LI><a href="#[f6]">&gt;&gt;</a>&nbsp;&nbsp;&nbsp;_printf_pre_padding
</UL>
<BR>[Called By]<UL><LI><a href="#[117]">&gt;&gt;</a>&nbsp;&nbsp;&nbsp;_printf_lcs_common
</UL>

<P><STRONG><a name="[d9]"></a>_printf_int_oct</STRONG> (Thumb, 74 bytes, Stack size 16 bytes, _printf_oct_int.o(.text))
<BR><BR>[Stack]<UL><LI>Max Depth = 64<LI>Call Chain = _printf_int_oct &rArr; _printf_int_common &rArr; _printf_post_padding
</UL>
<BR>[Calls]<UL><LI><a href="#[fa]">&gt;&gt;</a>&nbsp;&nbsp;&nbsp;_printf_int_common
<LI><a href="#[f9]">&gt;&gt;</a>&nbsp;&nbsp;&nbsp;_printf_truncate_unsigned
</UL>
<BR>[Called By]<UL><LI><a href="#[d8]">&gt;&gt;</a>&nbsp;&nbsp;&nbsp;_printf_o
</UL>

<P><STRONG><a name="[371]"></a>_printf_longlong_oct</STRONG> (Thumb, 0 bytes, Stack size 16 bytes, _printf_oct_int.o(.text), UNUSED)

<P><STRONG><a name="[fd]"></a>_printf_longlong_hex</STRONG> (Thumb, 78 bytes, Stack size 16 bytes, _printf_hex_int_ptr.o(.text))
<BR><BR>[Stack]<UL><LI>Max Depth = 64<LI>Call Chain = _printf_longlong_hex &rArr; _printf_int_common &rArr; _printf_post_padding
</UL>
<BR>[Calls]<UL><LI><a href="#[fa]">&gt;&gt;</a>&nbsp;&nbsp;&nbsp;_printf_int_common
</UL>
<BR>[Called By]<UL><LI><a href="#[d1]">&gt;&gt;</a>&nbsp;&nbsp;&nbsp;_printf_hex_ptr
<LI><a href="#[db]">&gt;&gt;</a>&nbsp;&nbsp;&nbsp;_printf_int_hex
</UL>

<P><STRONG><a name="[db]"></a>_printf_int_hex</STRONG> (Thumb, 26 bytes, Stack size 16 bytes, _printf_hex_int_ptr.o(.text))
<BR><BR>[Stack]<UL><LI>Max Depth = 80<LI>Call Chain = _printf_int_hex &rArr; _printf_longlong_hex &rArr; _printf_int_common &rArr; _printf_post_padding
</UL>
<BR>[Calls]<UL><LI><a href="#[fd]">&gt;&gt;</a>&nbsp;&nbsp;&nbsp;_printf_longlong_hex
<LI><a href="#[f9]">&gt;&gt;</a>&nbsp;&nbsp;&nbsp;_printf_truncate_unsigned
</UL>
<BR>[Called By]<UL><LI><a href="#[da]">&gt;&gt;</a>&nbsp;&nbsp;&nbsp;_printf_x
</UL>

<P><STRONG><a name="[d1]"></a>_printf_hex_ptr</STRONG> (Thumb, 16 bytes, Stack size 0 bytes, _printf_hex_int_ptr.o(.text))
<BR><BR>[Stack]<UL><LI>Max Depth = 64<LI>Call Chain = _printf_hex_ptr &rArr; _printf_longlong_hex &rArr; _printf_int_common &rArr; _printf_post_padding
</UL>
<BR>[Calls]<UL><LI><a href="#[fd]">&gt;&gt;</a>&nbsp;&nbsp;&nbsp;_printf_longlong_hex
</UL>
<BR>[Called By]<UL><LI><a href="#[d0]">&gt;&gt;</a>&nbsp;&nbsp;&nbsp;_printf_p
</UL>

<P><STRONG><a name="[fe]"></a>__printf</STRONG> (Thumb, 388 bytes, Stack size 40 bytes, __printf_flags_ss_wp.o(.text))
<BR><BR>[Stack]<UL><LI>Max Depth = 40 + Unknown Stack Size
<LI>Call Chain = __printf
</UL>
<BR>[Calls]<UL><LI><a href="#[100]">&gt;&gt;</a>&nbsp;&nbsp;&nbsp;_printf_percent
<LI><a href="#[ff]">&gt;&gt;</a>&nbsp;&nbsp;&nbsp;_is_digit
</UL>
<BR>[Called By]<UL><LI><a href="#[f4]">&gt;&gt;</a>&nbsp;&nbsp;&nbsp;_printf_char_common
</UL>

<P><STRONG><a name="[101]"></a>__0sscanf</STRONG> (Thumb, 52 bytes, Stack size 72 bytes, __0sscanf.o(.text))
<BR><BR>[Stack]<UL><LI>Max Depth = 508<LI>Call Chain = __0sscanf &rArr; __vfscanf_char &rArr; __vfscanf &rArr; _scanf_real &rArr; _scanf_really_real &rArr; _fp_value &rArr; _btod_etento &rArr; _btod_emul &rArr; _e2e
</UL>
<BR>[Calls]<UL><LI><a href="#[102]">&gt;&gt;</a>&nbsp;&nbsp;&nbsp;__vfscanf_char
</UL>
<BR>[Called By]<UL><LI><a href="#[2b9]">&gt;&gt;</a>&nbsp;&nbsp;&nbsp;command_step
<LI><a href="#[2b8]">&gt;&gt;</a>&nbsp;&nbsp;&nbsp;command_run
<LI><a href="#[298]">&gt;&gt;</a>&nbsp;&nbsp;&nbsp;command_net
<LI><a href="#[243]">&gt;&gt;</a>&nbsp;&nbsp;&nbsp;command_cal
<LI><a href="#[23a]">&gt;&gt;</a>&nbsp;&nbsp;&nbsp;command_arc
<LI><a href="#[290]">&gt;&gt;</a>&nbsp;&nbsp;&nbsp;command_in
<LI><a href="#[24c]">&gt;&gt;</a>&nbsp;&nbsp;&nbsp;command_contlog
<LI><a href="#[24b]">&gt;&gt;</a>&nbsp;&nbsp;&nbsp;command_cont
<LI><a href="#[2a5]">&gt;&gt;</a>&nbsp;&nbsp;&nbsp;command_port
<LI><a href="#[23e]">&gt;&gt;</a>&nbsp;&nbsp;&nbsp;command_bind
<LI><a href="#[2a3]">&gt;&gt;</a>&nbsp;&nbsp;&nbsp;command_phone
<LI><a href="#[293]">&gt;&gt;</a>&nbsp;&nbsp;&nbsp;command_modem
<LI><a href="#[2b4]">&gt;&gt;</a>&nbsp;&nbsp;&nbsp;command_wdt
<LI><a href="#[2b3]">&gt;&gt;</a>&nbsp;&nbsp;&nbsp;command_set
<LI><a href="#[2b2]">&gt;&gt;</a>&nbsp;&nbsp;&nbsp;command_timer
<LI><a href="#[2a1]">&gt;&gt;</a>&nbsp;&nbsp;&nbsp;command_ns
<LI><a href="#[238]">&gt;&gt;</a>&nbsp;&nbsp;&nbsp;command_addr
<LI><a href="#[2b0]">&gt;&gt;</a>&nbsp;&nbsp;&nbsp;command_server
<LI><a href="#[25c]">&gt;&gt;</a>&nbsp;&nbsp;&nbsp;command_flash
<LI><a href="#[2af]">&gt;&gt;</a>&nbsp;&nbsp;&nbsp;command_romcrc
<LI><a href="#[2ae]">&gt;&gt;</a>&nbsp;&nbsp;&nbsp;command_rom
<LI><a href="#[255]">&gt;&gt;</a>&nbsp;&nbsp;&nbsp;command_elog
<LI><a href="#[291]">&gt;&gt;</a>&nbsp;&nbsp;&nbsp;command_mem
<LI><a href="#[25f]">&gt;&gt;</a>&nbsp;&nbsp;&nbsp;command_gp
<LI><a href="#[2ad]">&gt;&gt;</a>&nbsp;&nbsp;&nbsp;command_time
<LI><a href="#[2fc]">&gt;&gt;</a>&nbsp;&nbsp;&nbsp;serial_is_command
</UL>

<P><STRONG><a name="[103]"></a>_scanf_int</STRONG> (Thumb, 332 bytes, Stack size 56 bytes, _scanf_int.o(.text))
<BR><BR>[Stack]<UL><LI>Max Depth = 56<LI>Call Chain = _scanf_int
</UL>
<BR>[Calls]<UL><LI><a href="#[104]">&gt;&gt;</a>&nbsp;&nbsp;&nbsp;_chval
</UL>
<BR>[Called By]<UL><LI><a href="#[119]">&gt;&gt;</a>&nbsp;&nbsp;&nbsp;__vfscanf
</UL>

<P><STRONG><a name="[260]"></a>strchr</STRONG> (Thumb, 20 bytes, Stack size 0 bytes, strchr.o(.text))
<BR><BR>[Called By]<UL><LI><a href="#[25f]">&gt;&gt;</a>&nbsp;&nbsp;&nbsp;command_gp
<LI><a href="#[2fc]">&gt;&gt;</a>&nbsp;&nbsp;&nbsp;serial_is_command
</UL>

<P><STRONG><a name="[1df]"></a>strstr</STRONG> (Thumb, 36 bytes, Stack size 12 bytes, strstr.o(.text))
<BR><BR>[Stack]<UL><LI>Max Depth = 12<LI>Call Chain = strstr
</UL>
<BR>[Called By]<UL><LI><a href="#[30a]">&gt;&gt;</a>&nbsp;&nbsp;&nbsp;modem_waitResp
<LI><a href="#[2f9]">&gt;&gt;</a>&nbsp;&nbsp;&nbsp;modem_at
<LI><a href="#[16]">&gt;&gt;</a>&nbsp;&nbsp;&nbsp;M_sub_tcp_start
<LI><a href="#[1c8]">&gt;&gt;</a>&nbsp;&nbsp;&nbsp;modem_data_check
</UL>

<P><STRONG><a name="[23b]"></a>memcmp</STRONG> (Thumb, 88 bytes, Stack size 8 bytes, memcmp.o(.text))
<BR><BR>[Stack]<UL><LI>Max Depth = 8<LI>Call Chain = memcmp
</UL>
<BR>[Called By]<UL><LI><a href="#[294]">&gt;&gt;</a>&nbsp;&nbsp;&nbsp;modem_tcp_status
<LI><a href="#[24e]">&gt;&gt;</a>&nbsp;&nbsp;&nbsp;command_debug
<LI><a href="#[298]">&gt;&gt;</a>&nbsp;&nbsp;&nbsp;command_net
<LI><a href="#[243]">&gt;&gt;</a>&nbsp;&nbsp;&nbsp;command_cal
<LI><a href="#[23a]">&gt;&gt;</a>&nbsp;&nbsp;&nbsp;command_arc
<LI><a href="#[2b7]">&gt;&gt;</a>&nbsp;&nbsp;&nbsp;command_scan
<LI><a href="#[2a5]">&gt;&gt;</a>&nbsp;&nbsp;&nbsp;command_port
<LI><a href="#[242]">&gt;&gt;</a>&nbsp;&nbsp;&nbsp;command_blink
<LI><a href="#[23e]">&gt;&gt;</a>&nbsp;&nbsp;&nbsp;command_bind
<LI><a href="#[2a3]">&gt;&gt;</a>&nbsp;&nbsp;&nbsp;command_phone
<LI><a href="#[293]">&gt;&gt;</a>&nbsp;&nbsp;&nbsp;command_modem
<LI><a href="#[2b4]">&gt;&gt;</a>&nbsp;&nbsp;&nbsp;command_wdt
<LI><a href="#[2b3]">&gt;&gt;</a>&nbsp;&nbsp;&nbsp;command_set
<LI><a href="#[25c]">&gt;&gt;</a>&nbsp;&nbsp;&nbsp;command_flash
<LI><a href="#[255]">&gt;&gt;</a>&nbsp;&nbsp;&nbsp;command_elog
<LI><a href="#[25f]">&gt;&gt;</a>&nbsp;&nbsp;&nbsp;command_gp
<LI><a href="#[2ad]">&gt;&gt;</a>&nbsp;&nbsp;&nbsp;command_time
<LI><a href="#[2ab]">&gt;&gt;</a>&nbsp;&nbsp;&nbsp;command_task
<LI><a href="#[2a9]">&gt;&gt;</a>&nbsp;&nbsp;&nbsp;command_process
<LI><a href="#[2fc]">&gt;&gt;</a>&nbsp;&nbsp;&nbsp;serial_is_command
<LI><a href="#[2f6]">&gt;&gt;</a>&nbsp;&nbsp;&nbsp;modem_task_check
<LI><a href="#[c3]">&gt;&gt;</a>&nbsp;&nbsp;&nbsp;modem_connect_check
</UL>

<P><STRONG><a name="[1d0]"></a>strcpy</STRONG> (Thumb, 72 bytes, Stack size 12 bytes, strcpy.o(.text))
<BR><BR>[Stack]<UL><LI>Max Depth = 12<LI>Call Chain = strcpy
</UL>
<BR>[Called By]<UL><LI><a href="#[262]">&gt;&gt;</a>&nbsp;&nbsp;&nbsp;gp_value
<LI><a href="#[28f]">&gt;&gt;</a>&nbsp;&nbsp;&nbsp;modem_param
<LI><a href="#[2b3]">&gt;&gt;</a>&nbsp;&nbsp;&nbsp;command_set
<LI><a href="#[2b2]">&gt;&gt;</a>&nbsp;&nbsp;&nbsp;command_timer
<LI><a href="#[2f4]">&gt;&gt;</a>&nbsp;&nbsp;&nbsp;serial_process
<LI><a href="#[1c]">&gt;&gt;</a>&nbsp;&nbsp;&nbsp;M_sms_start
<LI><a href="#[1c7]">&gt;&gt;</a>&nbsp;&nbsp;&nbsp;modem_flash
<LI><a href="#[1de]">&gt;&gt;</a>&nbsp;&nbsp;&nbsp;modem_status_n
</UL>

<P><STRONG><a name="[218]"></a>strlen</STRONG> (Thumb, 62 bytes, Stack size 8 bytes, strlen.o(.text))
<BR><BR>[Stack]<UL><LI>Max Depth = 8<LI>Call Chain = strlen
</UL>
<BR>[Called By]<UL><LI><a href="#[297]">&gt;&gt;</a>&nbsp;&nbsp;&nbsp;modem_at_num
<LI><a href="#[296]">&gt;&gt;</a>&nbsp;&nbsp;&nbsp;modem_write
<LI><a href="#[2b8]">&gt;&gt;</a>&nbsp;&nbsp;&nbsp;command_run
<LI><a href="#[243]">&gt;&gt;</a>&nbsp;&nbsp;&nbsp;command_cal
<LI><a href="#[23a]">&gt;&gt;</a>&nbsp;&nbsp;&nbsp;command_arc
<LI><a href="#[2a5]">&gt;&gt;</a>&nbsp;&nbsp;&nbsp;command_port
<LI><a href="#[2a3]">&gt;&gt;</a>&nbsp;&nbsp;&nbsp;command_phone
<LI><a href="#[2b3]">&gt;&gt;</a>&nbsp;&nbsp;&nbsp;command_set
<LI><a href="#[2b0]">&gt;&gt;</a>&nbsp;&nbsp;&nbsp;command_server
<LI><a href="#[2ae]">&gt;&gt;</a>&nbsp;&nbsp;&nbsp;command_rom
<LI><a href="#[25f]">&gt;&gt;</a>&nbsp;&nbsp;&nbsp;command_gp
<LI><a href="#[2ad]">&gt;&gt;</a>&nbsp;&nbsp;&nbsp;command_time
<LI><a href="#[28e]">&gt;&gt;</a>&nbsp;&nbsp;&nbsp;command_hello
<LI><a href="#[2aa]">&gt;&gt;</a>&nbsp;&nbsp;&nbsp;command_ver
<LI><a href="#[2bb]">&gt;&gt;</a>&nbsp;&nbsp;&nbsp;serial_data_trim
<LI><a href="#[307]">&gt;&gt;</a>&nbsp;&nbsp;&nbsp;modem_tcp_write
<LI><a href="#[2fc]">&gt;&gt;</a>&nbsp;&nbsp;&nbsp;serial_is_command
<LI><a href="#[300]">&gt;&gt;</a>&nbsp;&nbsp;&nbsp;serial_write_str
<LI><a href="#[154]">&gt;&gt;</a>&nbsp;&nbsp;&nbsp;serial_write
<LI><a href="#[2f5]">&gt;&gt;</a>&nbsp;&nbsp;&nbsp;modem_serial_process
<LI><a href="#[2f4]">&gt;&gt;</a>&nbsp;&nbsp;&nbsp;serial_process
<LI><a href="#[2f1]">&gt;&gt;</a>&nbsp;&nbsp;&nbsp;serial_write_addr
<LI><a href="#[237]">&gt;&gt;</a>&nbsp;&nbsp;&nbsp;bytes_dump_str
<LI><a href="#[306]">&gt;&gt;</a>&nbsp;&nbsp;&nbsp;subString
<LI><a href="#[2e7]">&gt;&gt;</a>&nbsp;&nbsp;&nbsp;lines_num
<LI><a href="#[30c]">&gt;&gt;</a>&nbsp;&nbsp;&nbsp;paramStringNum
<LI><a href="#[239]">&gt;&gt;</a>&nbsp;&nbsp;&nbsp;paramStringMax
<LI><a href="#[261]">&gt;&gt;</a>&nbsp;&nbsp;&nbsp;paramStringC
<LI><a href="#[1cd]">&gt;&gt;</a>&nbsp;&nbsp;&nbsp;Trim
<LI><a href="#[214]">&gt;&gt;</a>&nbsp;&nbsp;&nbsp;timeFormat
<LI><a href="#[257]">&gt;&gt;</a>&nbsp;&nbsp;&nbsp;dateFormatS
<LI><a href="#[25e]">&gt;&gt;</a>&nbsp;&nbsp;&nbsp;dateFormat
<LI><a href="#[1d1]">&gt;&gt;</a>&nbsp;&nbsp;&nbsp;shiftString
<LI><a href="#[1ca]">&gt;&gt;</a>&nbsp;&nbsp;&nbsp;clearString
<LI><a href="#[1ce]">&gt;&gt;</a>&nbsp;&nbsp;&nbsp;addChar
<LI><a href="#[30a]">&gt;&gt;</a>&nbsp;&nbsp;&nbsp;modem_waitResp
<LI><a href="#[2f9]">&gt;&gt;</a>&nbsp;&nbsp;&nbsp;modem_at
<LI><a href="#[1d4]">&gt;&gt;</a>&nbsp;&nbsp;&nbsp;modem_write_b1
<LI><a href="#[1d3]">&gt;&gt;</a>&nbsp;&nbsp;&nbsp;modem_write_str
<LI><a href="#[1d8]">&gt;&gt;</a>&nbsp;&nbsp;&nbsp;modem_data_num
<LI><a href="#[1c9]">&gt;&gt;</a>&nbsp;&nbsp;&nbsp;modem_write_tx
</UL>

<P><STRONG><a name="[2fe]"></a>strncmp</STRONG> (Thumb, 150 bytes, Stack size 16 bytes, strncmp.o(.text))
<BR><BR>[Stack]<UL><LI>Max Depth = 16<LI>Call Chain = strncmp
</UL>
<BR>[Called By]<UL><LI><a href="#[2fb]">&gt;&gt;</a>&nbsp;&nbsp;&nbsp;modem_cmd_process
<LI><a href="#[c3]">&gt;&gt;</a>&nbsp;&nbsp;&nbsp;modem_connect_check
</UL>

<P><STRONG><a name="[1bb]"></a>strcat</STRONG> (Thumb, 24 bytes, Stack size 0 bytes, strcat.o(.text))
<BR><BR>[Called By]<UL><LI><a href="#[24e]">&gt;&gt;</a>&nbsp;&nbsp;&nbsp;command_debug
<LI><a href="#[2b9]">&gt;&gt;</a>&nbsp;&nbsp;&nbsp;command_step
<LI><a href="#[2b8]">&gt;&gt;</a>&nbsp;&nbsp;&nbsp;command_run
<LI><a href="#[298]">&gt;&gt;</a>&nbsp;&nbsp;&nbsp;command_net
<LI><a href="#[243]">&gt;&gt;</a>&nbsp;&nbsp;&nbsp;command_cal
<LI><a href="#[2a2]">&gt;&gt;</a>&nbsp;&nbsp;&nbsp;command_phase
<LI><a href="#[23a]">&gt;&gt;</a>&nbsp;&nbsp;&nbsp;command_arc
<LI><a href="#[2b7]">&gt;&gt;</a>&nbsp;&nbsp;&nbsp;command_scan
<LI><a href="#[290]">&gt;&gt;</a>&nbsp;&nbsp;&nbsp;command_in
<LI><a href="#[24c]">&gt;&gt;</a>&nbsp;&nbsp;&nbsp;command_contlog
<LI><a href="#[24b]">&gt;&gt;</a>&nbsp;&nbsp;&nbsp;command_cont
<LI><a href="#[2a5]">&gt;&gt;</a>&nbsp;&nbsp;&nbsp;command_port
<LI><a href="#[242]">&gt;&gt;</a>&nbsp;&nbsp;&nbsp;command_blink
<LI><a href="#[23e]">&gt;&gt;</a>&nbsp;&nbsp;&nbsp;command_bind
<LI><a href="#[2b6]">&gt;&gt;</a>&nbsp;&nbsp;&nbsp;command_test
<LI><a href="#[2b5]">&gt;&gt;</a>&nbsp;&nbsp;&nbsp;command_sms
<LI><a href="#[28d]">&gt;&gt;</a>&nbsp;&nbsp;&nbsp;command_gprs
<LI><a href="#[2a3]">&gt;&gt;</a>&nbsp;&nbsp;&nbsp;command_phone
<LI><a href="#[293]">&gt;&gt;</a>&nbsp;&nbsp;&nbsp;command_modem
<LI><a href="#[2b4]">&gt;&gt;</a>&nbsp;&nbsp;&nbsp;command_wdt
<LI><a href="#[2b3]">&gt;&gt;</a>&nbsp;&nbsp;&nbsp;command_set
<LI><a href="#[2b2]">&gt;&gt;</a>&nbsp;&nbsp;&nbsp;command_timer
<LI><a href="#[2a1]">&gt;&gt;</a>&nbsp;&nbsp;&nbsp;command_ns
<LI><a href="#[2b1]">&gt;&gt;</a>&nbsp;&nbsp;&nbsp;command_rs
<LI><a href="#[238]">&gt;&gt;</a>&nbsp;&nbsp;&nbsp;command_addr
<LI><a href="#[2b0]">&gt;&gt;</a>&nbsp;&nbsp;&nbsp;command_server
<LI><a href="#[25c]">&gt;&gt;</a>&nbsp;&nbsp;&nbsp;command_flash
<LI><a href="#[2af]">&gt;&gt;</a>&nbsp;&nbsp;&nbsp;command_romcrc
<LI><a href="#[2ae]">&gt;&gt;</a>&nbsp;&nbsp;&nbsp;command_rom
<LI><a href="#[255]">&gt;&gt;</a>&nbsp;&nbsp;&nbsp;command_elog
<LI><a href="#[291]">&gt;&gt;</a>&nbsp;&nbsp;&nbsp;command_mem
<LI><a href="#[25f]">&gt;&gt;</a>&nbsp;&nbsp;&nbsp;command_gp
<LI><a href="#[2ad]">&gt;&gt;</a>&nbsp;&nbsp;&nbsp;command_time
<LI><a href="#[2ab]">&gt;&gt;</a>&nbsp;&nbsp;&nbsp;command_task
<LI><a href="#[28e]">&gt;&gt;</a>&nbsp;&nbsp;&nbsp;command_hello
<LI><a href="#[2aa]">&gt;&gt;</a>&nbsp;&nbsp;&nbsp;command_ver
<LI><a href="#[2a9]">&gt;&gt;</a>&nbsp;&nbsp;&nbsp;command_process
<LI><a href="#[2fb]">&gt;&gt;</a>&nbsp;&nbsp;&nbsp;modem_cmd_process
<LI><a href="#[c3]">&gt;&gt;</a>&nbsp;&nbsp;&nbsp;modem_connect_check
<LI><a href="#[237]">&gt;&gt;</a>&nbsp;&nbsp;&nbsp;bytes_dump_str
<LI><a href="#[1ba]">&gt;&gt;</a>&nbsp;&nbsp;&nbsp;HexString
<LI><a href="#[1d]">&gt;&gt;</a>&nbsp;&nbsp;&nbsp;M_sms_send
<LI><a href="#[1d7]">&gt;&gt;</a>&nbsp;&nbsp;&nbsp;modem_status
<LI><a href="#[1d6]">&gt;&gt;</a>&nbsp;&nbsp;&nbsp;modem_disconnected
<LI><a href="#[1e1]">&gt;&gt;</a>&nbsp;&nbsp;&nbsp;modem_connected
<LI><a href="#[1de]">&gt;&gt;</a>&nbsp;&nbsp;&nbsp;modem_status_n
<LI><a href="#[229]">&gt;&gt;</a>&nbsp;&nbsp;&nbsp;arc_rec_get
</UL>

<P><STRONG><a name="[2fa]"></a>__aeabi_memcpy4</STRONG> (Thumb, 0 bytes, Stack size 8 bytes, rt_memcpy_w.o(.text))
<BR><BR>[Stack]<UL><LI>Max Depth = 8<LI>Call Chain = __aeabi_memcpy4
</UL>
<BR>[Called By]<UL><LI><a href="#[1d2]">&gt;&gt;</a>&nbsp;&nbsp;&nbsp;modem_buf_cpy
</UL>

<P><STRONG><a name="[372]"></a>__aeabi_memcpy8</STRONG> (Thumb, 0 bytes, Stack size 8 bytes, rt_memcpy_w.o(.text), UNUSED)

<P><STRONG><a name="[373]"></a>__rt_memcpy_w</STRONG> (Thumb, 100 bytes, Stack size 8 bytes, rt_memcpy_w.o(.text), UNUSED)

<P><STRONG><a name="[374]"></a>_memcpy_lastbytes_aligned</STRONG> (Thumb, 0 bytes, Stack size unknown bytes, rt_memcpy_w.o(.text), UNUSED)

<P><STRONG><a name="[105]"></a>__aeabi_memset4</STRONG> (Thumb, 16 bytes, Stack size 0 bytes, aeabi_memset4.o(.text))
<BR><BR>[Stack]<UL><LI>Max Depth = 4<LI>Call Chain = __aeabi_memset4 &rArr; _memset_w
</UL>
<BR>[Calls]<UL><LI><a href="#[106]">&gt;&gt;</a>&nbsp;&nbsp;&nbsp;_memset_w
</UL>
<BR>[Called By]<UL><LI><a href="#[25a]">&gt;&gt;</a>&nbsp;&nbsp;&nbsp;gp_log_clear
<LI><a href="#[291]">&gt;&gt;</a>&nbsp;&nbsp;&nbsp;command_mem
</UL>

<P><STRONG><a name="[375]"></a>__aeabi_memset8</STRONG> (Thumb, 0 bytes, Stack size 0 bytes, aeabi_memset4.o(.text), UNUSED)

<P><STRONG><a name="[109]"></a>__aeabi_memclr</STRONG> (Thumb, 0 bytes, Stack size unknown bytes, rt_memclr.o(.text))
<BR><BR>[Called By]<UL><LI><a href="#[2fb]">&gt;&gt;</a>&nbsp;&nbsp;&nbsp;modem_cmd_process
<LI><a href="#[c3]">&gt;&gt;</a>&nbsp;&nbsp;&nbsp;modem_connect_check
<LI><a href="#[237]">&gt;&gt;</a>&nbsp;&nbsp;&nbsp;bytes_dump_str
<LI><a href="#[2e7]">&gt;&gt;</a>&nbsp;&nbsp;&nbsp;lines_num
<LI><a href="#[239]">&gt;&gt;</a>&nbsp;&nbsp;&nbsp;paramStringMax
<LI><a href="#[261]">&gt;&gt;</a>&nbsp;&nbsp;&nbsp;paramStringC
<LI><a href="#[214]">&gt;&gt;</a>&nbsp;&nbsp;&nbsp;timeFormat
<LI><a href="#[257]">&gt;&gt;</a>&nbsp;&nbsp;&nbsp;dateFormatS
<LI><a href="#[25e]">&gt;&gt;</a>&nbsp;&nbsp;&nbsp;dateFormat
<LI><a href="#[1ca]">&gt;&gt;</a>&nbsp;&nbsp;&nbsp;clearString
<LI><a href="#[1d7]">&gt;&gt;</a>&nbsp;&nbsp;&nbsp;modem_status
[...]
<LI><a href="#[2e2]">&gt;&gt;</a>&nbsp;&nbsp;&nbsp;gp_input_adc
<LI><a href="#[233]">&gt;&gt;</a>&nbsp;&nbsp;&nbsp;buffers_save_one
</UL>

<P><STRONG><a name="[33d]"></a>_fgeq</STRONG> (Thumb, 14 bytes, Stack size 8 bytes, fcmp.o(x$fpl$fcmp), UNUSED)
<BR><BR>[Calls]<UL><LI><a href="#[33c]">&gt;&gt;</a>&nbsp;&nbsp;&nbsp;_fcmpge
</UL>

<P><STRONG><a name="[235]"></a>__aeabi_fcmple</STRONG> (Thumb, 0 bytes, Stack size 8 bytes, fcmp.o(x$fpl$fcmp))
<BR><BR>[Stack]<UL><LI>Max Depth = 8<LI>Call Chain = __aeabi_fcmple
</UL>
<BR>[Called By]<UL><LI><a href="#[267]">&gt;&gt;</a>&nbsp;&nbsp;&nbsp;gp_bind_renew
<LI><a href="#[243]">&gt;&gt;</a>&nbsp;&nbsp;&nbsp;command_cal
<LI><a href="#[2e2]">&gt;&gt;</a>&nbsp;&nbsp;&nbsp;gp_input_adc
<LI><a href="#[233]">&gt;&gt;</a>&nbsp;&nbsp;&nbsp;buffers_save_one
</UL>

<P><STRONG><a name="[33e]"></a>_fleq</STRONG> (Thumb, 14 bytes, Stack size 8 bytes, fcmp.o(x$fpl$fcmp), UNUSED)
<BR><BR>[Calls]<UL><LI><a href="#[33f]">&gt;&gt;</a>&nbsp;&nbsp;&nbsp;_fcmple
</UL>

<P><STRONG><a name="[2da]"></a>__aeabi_fcmplt</STRONG> (Thumb, 0 bytes, Stack size 8 bytes, fcmp.o(x$fpl$fcmp))
<BR><BR>[Stack]<UL><LI>Max Depth = 8<LI>Call Chain = __aeabi_fcmplt
</UL>
<BR>[Called By]<UL><LI><a href="#[267]">&gt;&gt;</a>&nbsp;&nbsp;&nbsp;gp_bind_renew
<LI><a href="#[2e2]">&gt;&gt;</a>&nbsp;&nbsp;&nbsp;gp_input_adc
</UL>

<P><STRONG><a name="[340]"></a>_fls</STRONG> (Thumb, 14 bytes, Stack size 8 bytes, fcmp.o(x$fpl$fcmp), UNUSED)
<BR><BR>[Calls]<UL><LI><a href="#[33f]">&gt;&gt;</a>&nbsp;&nbsp;&nbsp;_fcmple
</UL>

<P><STRONG><a name="[342]"></a>__fpl_fcmp_Inf</STRONG> (Thumb, 24 bytes, Stack size 0 bytes, fcmpi.o(x$fpl$fcmpinf), UNUSED)
<BR><BR>[Called By]<UL><LI><a href="#[33f]">&gt;&gt;</a>&nbsp;&nbsp;&nbsp;_fcmple
<LI><a href="#[33c]">&gt;&gt;</a>&nbsp;&nbsp;&nbsp;_fcmpge
<LI><a href="#[339]">&gt;&gt;</a>&nbsp;&nbsp;&nbsp;_fcmpeq
</UL>

<P><STRONG><a name="[14a]"></a>__aeabi_fdiv</STRONG> (Thumb, 0 bytes, Stack size 16 bytes, fdiv.o(x$fpl$fdiv))
<BR><BR>[Stack]<UL><LI>Max Depth = 16<LI>Call Chain = __aeabi_fdiv
</UL>
<BR>[Called By]<UL><LI><a href="#[267]">&gt;&gt;</a>&nbsp;&nbsp;&nbsp;gp_bind_renew
<LI><a href="#[262]">&gt;&gt;</a>&nbsp;&nbsp;&nbsp;gp_value
<LI><a href="#[298]">&gt;&gt;</a>&nbsp;&nbsp;&nbsp;command_net
<LI><a href="#[243]">&gt;&gt;</a>&nbsp;&nbsp;&nbsp;command_cal
<LI><a href="#[25f]">&gt;&gt;</a>&nbsp;&nbsp;&nbsp;command_gp
<LI><a href="#[29d]">&gt;&gt;</a>&nbsp;&nbsp;&nbsp;cos_avg
<LI><a href="#[29c]">&gt;&gt;</a>&nbsp;&nbsp;&nbsp;curr_avg
<LI><a href="#[313]">&gt;&gt;</a>&nbsp;&nbsp;&nbsp;task_auto_volt
<LI><a href="#[c9]">&gt;&gt;</a>&nbsp;&nbsp;&nbsp;task_auto_start
<LI><a href="#[148]">&gt;&gt;</a>&nbsp;&nbsp;&nbsp;ADE7758_setCos
<LI><a href="#[1e9]">&gt;&gt;</a>&nbsp;&nbsp;&nbsp;buffers_save
<LI><a href="#[65]">&gt;&gt;</a>&nbsp;&nbsp;&nbsp;Net_save
<LI><a href="#[2e2]">&gt;&gt;</a>&nbsp;&nbsp;&nbsp;gp_input_adc
<LI><a href="#[2dc]">&gt;&gt;</a>&nbsp;&nbsp;&nbsp;gp_bind_renew_adc
</UL>

<P><STRONG><a name="[341]"></a>_fdiv</STRONG> (Thumb, 384 bytes, Stack size 16 bytes, fdiv.o(x$fpl$fdiv), UNUSED)
<BR><BR>[Calls]<UL><LI><a href="#[328]">&gt;&gt;</a>&nbsp;&nbsp;&nbsp;__fpl_fretinf
<LI><a href="#[335]">&gt;&gt;</a>&nbsp;&nbsp;&nbsp;__fpl_fnaninf
</UL>

<P><STRONG><a name="[386]"></a>__aeabi_cfcmpeq</STRONG> (Thumb, 0 bytes, Stack size 16 bytes, feqf.o(x$fpl$feqf), UNUSED)

<P><STRONG><a name="[339]"></a>_fcmpeq</STRONG> (Thumb, 104 bytes, Stack size 16 bytes, feqf.o(x$fpl$feqf), UNUSED)
<BR><BR>[Calls]<UL><LI><a href="#[335]">&gt;&gt;</a>&nbsp;&nbsp;&nbsp;__fpl_fnaninf
<LI><a href="#[342]">&gt;&gt;</a>&nbsp;&nbsp;&nbsp;__fpl_fcmp_Inf
</UL>
<BR>[Called By]<UL><LI><a href="#[33a]">&gt;&gt;</a>&nbsp;&nbsp;&nbsp;_fneq
<LI><a href="#[338]">&gt;&gt;</a>&nbsp;&nbsp;&nbsp;_feq
</UL>

<P><STRONG><a name="[1f2]"></a>__aeabi_f2iz</STRONG> (Thumb, 0 bytes, Stack size 16 bytes, ffix.o(x$fpl$ffix))
<BR><BR>[Stack]<UL><LI>Max Depth = 16<LI>Call Chain = __aeabi_f2iz
</UL>
<BR>[Called By]<UL><LI><a href="#[298]">&gt;&gt;</a>&nbsp;&nbsp;&nbsp;command_net
<LI><a href="#[313]">&gt;&gt;</a>&nbsp;&nbsp;&nbsp;task_auto_volt
<LI><a href="#[c9]">&gt;&gt;</a>&nbsp;&nbsp;&nbsp;task_auto_start
<LI><a href="#[1e9]">&gt;&gt;</a>&nbsp;&nbsp;&nbsp;buffers_save
<LI><a href="#[65]">&gt;&gt;</a>&nbsp;&nbsp;&nbsp;Net_save
<LI><a href="#[233]">&gt;&gt;</a>&nbsp;&nbsp;&nbsp;buffers_save_one
</UL>

<P><STRONG><a name="[343]"></a>_ffix</STRONG> (Thumb, 54 bytes, Stack size 16 bytes, ffix.o(x$fpl$ffix), UNUSED)
<BR><BR>[Calls]<UL><LI><a href="#[335]">&gt;&gt;</a>&nbsp;&nbsp;&nbsp;__fpl_fnaninf
</UL>

<P><STRONG><a name="[149]"></a>__aeabi_i2f</STRONG> (Thumb, 0 bytes, Stack size 0 bytes, fflt_clz.o(x$fpl$fflt))
<BR><BR>[Called By]<UL><LI><a href="#[267]">&gt;&gt;</a>&nbsp;&nbsp;&nbsp;gp_bind_renew
<LI><a href="#[262]">&gt;&gt;</a>&nbsp;&nbsp;&nbsp;gp_value
<LI><a href="#[25f]">&gt;&gt;</a>&nbsp;&nbsp;&nbsp;command_gp
<LI><a href="#[148]">&gt;&gt;</a>&nbsp;&nbsp;&nbsp;ADE7758_setCos
<LI><a href="#[2e2]">&gt;&gt;</a>&nbsp;&nbsp;&nbsp;gp_input_adc
<LI><a href="#[2dc]">&gt;&gt;</a>&nbsp;&nbsp;&nbsp;gp_bind_renew_adc
</UL>

<P><STRONG><a name="[387]"></a>_fflt</STRONG> (Thumb, 48 bytes, Stack size 0 bytes, fflt_clz.o(x$fpl$fflt), UNUSED)

<P><STRONG><a name="[1ee]"></a>__aeabi_ui2f</STRONG> (Thumb, 0 bytes, Stack size 0 bytes, fflt_clz.o(x$fpl$ffltu))
<BR><BR>[Called By]<UL><LI><a href="#[298]">&gt;&gt;</a>&nbsp;&nbsp;&nbsp;command_net
<LI><a href="#[243]">&gt;&gt;</a>&nbsp;&nbsp;&nbsp;command_cal
<LI><a href="#[29d]">&gt;&gt;</a>&nbsp;&nbsp;&nbsp;cos_avg
<LI><a href="#[29c]">&gt;&gt;</a>&nbsp;&nbsp;&nbsp;curr_avg
<LI><a href="#[313]">&gt;&gt;</a>&nbsp;&nbsp;&nbsp;task_auto_volt
<LI><a href="#[ca]">&gt;&gt;</a>&nbsp;&nbsp;&nbsp;task_archiver
<LI><a href="#[c9]">&gt;&gt;</a>&nbsp;&nbsp;&nbsp;task_auto_start
<LI><a href="#[1e9]">&gt;&gt;</a>&nbsp;&nbsp;&nbsp;buffers_save
<LI><a href="#[65]">&gt;&gt;</a>&nbsp;&nbsp;&nbsp;Net_save
</UL>

<P><STRONG><a name="[388]"></a>_ffltu</STRONG> (Thumb, 38 bytes, Stack size 0 bytes, fflt_clz.o(x$fpl$ffltu), UNUSED)

<P><STRONG><a name="[33c]"></a>_fcmpge</STRONG> (Thumb, 104 bytes, Stack size 16 bytes, fgeqf.o(x$fpl$fgeqf), UNUSED)
<BR><BR>[Calls]<UL><LI><a href="#[335]">&gt;&gt;</a>&nbsp;&nbsp;&nbsp;__fpl_fnaninf
<LI><a href="#[342]">&gt;&gt;</a>&nbsp;&nbsp;&nbsp;__fpl_fcmp_Inf
</UL>
<BR>[Called By]<UL><LI><a href="#[33d]">&gt;&gt;</a>&nbsp;&nbsp;&nbsp;_fgeq
<LI><a href="#[33b]">&gt;&gt;</a>&nbsp;&nbsp;&nbsp;_fgr
</UL>

<P><STRONG><a name="[389]"></a>__aeabi_cfcmple</STRONG> (Thumb, 0 bytes, Stack size 16 bytes, fleqf.o(x$fpl$fleqf), UNUSED)

<P><STRONG><a name="[33f]"></a>_fcmple</STRONG> (Thumb, 104 bytes, Stack size 16 bytes, fleqf.o(x$fpl$fleqf), UNUSED)
<BR><BR>[Calls]<UL><LI><a href="#[335]">&gt;&gt;</a>&nbsp;&nbsp;&nbsp;__fpl_fnaninf
<LI><a href="#[342]">&gt;&gt;</a>&nbsp;&nbsp;&nbsp;__fpl_fcmp_Inf
</UL>
<BR>[Called By]<UL><LI><a href="#[340]">&gt;&gt;</a>&nbsp;&nbsp;&nbsp;_fls
<LI><a href="#[33e]">&gt;&gt;</a>&nbsp;&nbsp;&nbsp;_fleq
</UL>

<P><STRONG><a name="[38a]"></a>__fpl_fcmple_InfNaN</STRONG> (Thumb, 0 bytes, Stack size unknown bytes, fleqf.o(x$fpl$fleqf), UNUSED)

<P><STRONG><a name="[1ef]"></a>__aeabi_fmul</STRONG> (Thumb, 0 bytes, Stack size 16 bytes, fmul.o(x$fpl$fmul))
<BR><BR>[Stack]<UL><LI>Max Depth = 16<LI>Call Chain = __aeabi_fmul
</UL>
<BR>[Called By]<UL><LI><a href="#[298]">&gt;&gt;</a>&nbsp;&nbsp;&nbsp;command_net
<LI><a href="#[313]">&gt;&gt;</a>&nbsp;&nbsp;&nbsp;task_auto_volt
<LI><a href="#[ca]">&gt;&gt;</a>&nbsp;&nbsp;&nbsp;task_archiver
<LI><a href="#[65]">&gt;&gt;</a>&nbsp;&nbsp;&nbsp;Net_save
</UL>

<P><STRONG><a name="[344]"></a>_fmul</STRONG> (Thumb, 258 bytes, Stack size 16 bytes, fmul.o(x$fpl$fmul), UNUSED)
<BR><BR>[Calls]<UL><LI><a href="#[328]">&gt;&gt;</a>&nbsp;&nbsp;&nbsp;__fpl_fretinf
<LI><a href="#[335]">&gt;&gt;</a>&nbsp;&nbsp;&nbsp;__fpl_fnaninf
</UL>

<P><STRONG><a name="[335]"></a>__fpl_fnaninf</STRONG> (Thumb, 140 bytes, Stack size 8 bytes, fnaninf.o(x$fpl$fnaninf))
<BR><BR>[Stack]<UL><LI>Max Depth = 8<LI>Call Chain = __fpl_fnaninf
</UL>
<BR>[Called By]<UL><LI><a href="#[325]">&gt;&gt;</a>&nbsp;&nbsp;&nbsp;_frnd
<LI><a href="#[33f]">&gt;&gt;</a>&nbsp;&nbsp;&nbsp;_fcmple
<LI><a href="#[33c]">&gt;&gt;</a>&nbsp;&nbsp;&nbsp;_fcmpge
<LI><a href="#[339]">&gt;&gt;</a>&nbsp;&nbsp;&nbsp;_fcmpeq
<LI><a href="#[344]">&gt;&gt;</a>&nbsp;&nbsp;&nbsp;_fmul
<LI><a href="#[343]">&gt;&gt;</a>&nbsp;&nbsp;&nbsp;_ffix
<LI><a href="#[341]">&gt;&gt;</a>&nbsp;&nbsp;&nbsp;_fdiv
<LI><a href="#[345]">&gt;&gt;</a>&nbsp;&nbsp;&nbsp;_fsub
<LI><a href="#[336]">&gt;&gt;</a>&nbsp;&nbsp;&nbsp;_fadd
<LI><a href="#[334]">&gt;&gt;</a>&nbsp;&nbsp;&nbsp;_f2d
</UL>

<P><STRONG><a name="[328]"></a>__fpl_fretinf</STRONG> (Thumb, 10 bytes, Stack size 0 bytes, fretinf.o(x$fpl$fretinf), UNUSED)
<BR><BR>[Called By]<UL><LI><a href="#[344]">&gt;&gt;</a>&nbsp;&nbsp;&nbsp;_fmul
<LI><a href="#[341]">&gt;&gt;</a>&nbsp;&nbsp;&nbsp;_fdiv
<LI><a href="#[336]">&gt;&gt;</a>&nbsp;&nbsp;&nbsp;_fadd
<LI><a href="#[327]">&gt;&gt;</a>&nbsp;&nbsp;&nbsp;_d2f
</UL>

<P><STRONG><a name="[325]"></a>_frnd</STRONG> (Thumb, 96 bytes, Stack size 8 bytes, frnd.o(x$fpl$frnd))
<BR><BR>[Stack]<UL><LI>Max Depth = 16<LI>Call Chain = _frnd &rArr; __fpl_fnaninf
</UL>
<BR>[Calls]<UL><LI><a href="#[335]">&gt;&gt;</a>&nbsp;&nbsp;&nbsp;__fpl_fnaninf
</UL>
<BR>[Called By]<UL><LI><a href="#[232]">&gt;&gt;</a>&nbsp;&nbsp;&nbsp;roundf
</UL>

<P><STRONG><a name="[326]"></a>__aeabi_fsub</STRONG> (Thumb, 0 bytes, Stack size 16 bytes, faddsub_clz.o(x$fpl$fsub))
<BR><BR>[Stack]<UL><LI>Max Depth = 16<LI>Call Chain = __aeabi_fsub
</UL>
<BR>[Called By]<UL><LI><a href="#[232]">&gt;&gt;</a>&nbsp;&nbsp;&nbsp;roundf
</UL>

<P><STRONG><a name="[345]"></a>_fsub</STRONG> (Thumb, 234 bytes, Stack size 16 bytes, faddsub_clz.o(x$fpl$fsub), UNUSED)
<BR><BR>[Calls]<UL><LI><a href="#[335]">&gt;&gt;</a>&nbsp;&nbsp;&nbsp;__fpl_fnaninf
<LI><a href="#[346]">&gt;&gt;</a>&nbsp;&nbsp;&nbsp;_fadd1
</UL>

<P><STRONG><a name="[121]"></a>__ieee_status</STRONG> (Thumb, 6 bytes, Stack size 0 bytes, istatus.o(x$fpl$ieeestatus))
<BR><BR>[Called By]<UL><LI><a href="#[120]">&gt;&gt;</a>&nbsp;&nbsp;&nbsp;_fp_value
</UL>

<P><STRONG><a name="[d3]"></a>_printf_fp_dec</STRONG> (Thumb, 4 bytes, Stack size 0 bytes, printf1.o(x$fpl$printf1))
<BR><BR>[Stack]<UL><LI>Max Depth = 324<LI>Call Chain = _printf_fp_dec &rArr; _printf_fp_dec_real &rArr; _fp_digits &rArr; _btod_etento &rArr; _btod_emul &rArr; _e2e
</UL>
<BR>[Calls]<UL><LI><a href="#[113]">&gt;&gt;</a>&nbsp;&nbsp;&nbsp;_printf_fp_dec_real
</UL>
<BR>[Called By]<UL><LI><a href="#[d2]">&gt;&gt;</a>&nbsp;&nbsp;&nbsp;_printf_f
</UL>

<P><STRONG><a name="[32b]"></a>__fpl_return_NaN</STRONG> (Thumb, 100 bytes, Stack size 0 bytes, retnan.o(x$fpl$retnan))
<BR><BR>[Calls]<UL><LI><a href="#[347]">&gt;&gt;</a>&nbsp;&nbsp;&nbsp;__fpl_cmpreturn
</UL>
<BR>[Called By]<UL><LI><a href="#[32a]">&gt;&gt;</a>&nbsp;&nbsp;&nbsp;__fpl_dcheck_NaN1
</UL>

<P><STRONG><a name="[31e]"></a>__ARM_scalbn</STRONG> (Thumb, 92 bytes, Stack size 0 bytes, scalbn.o(x$fpl$scalbn))
<BR><BR>[Calls]<UL><LI><a href="#[32a]">&gt;&gt;</a>&nbsp;&nbsp;&nbsp;__fpl_dcheck_NaN1
</UL>
<BR>[Called By]<UL><LI><a href="#[31f]">&gt;&gt;</a>&nbsp;&nbsp;&nbsp;__mathlib_dbl_underflow
<LI><a href="#[31d]">&gt;&gt;</a>&nbsp;&nbsp;&nbsp;__mathlib_dbl_overflow
<LI><a href="#[324]">&gt;&gt;</a>&nbsp;&nbsp;&nbsp;ldexp
<LI><a href="#[321]">&gt;&gt;</a>&nbsp;&nbsp;&nbsp;frexp
</UL>

<P><STRONG><a name="[11b]"></a>_scanf_real</STRONG> (Thumb, 4 bytes, Stack size 0 bytes, scanf1.o(x$fpl$scanf1))
<BR><BR>[Stack]<UL><LI>Max Depth = 340<LI>Call Chain = _scanf_real &rArr; _scanf_really_real &rArr; _fp_value &rArr; _btod_etento &rArr; _btod_emul &rArr; _e2e
</UL>
<BR>[Calls]<UL><LI><a href="#[124]">&gt;&gt;</a>&nbsp;&nbsp;&nbsp;_scanf_really_real
</UL>
<BR>[Called By]<UL><LI><a href="#[119]">&gt;&gt;</a>&nbsp;&nbsp;&nbsp;__vfscanf
<LI><a href="#[11a]">&gt;&gt;</a>&nbsp;&nbsp;&nbsp;_local_sscanf
</UL>

<P><STRONG><a name="[126]"></a>_scanf_hex_real</STRONG> (Thumb, 4 bytes, Stack size 0 bytes, scanf2.o(x$fpl$scanf2))
<BR><BR>[Stack]<UL><LI>Max Depth = 144<LI>Call Chain = _scanf_hex_real &rArr; _scanf_really_hex_real &rArr; __support_ldexp &rArr; ldexp &rArr; __aeabi_cdcmpeq
</UL>
<BR>[Calls]<UL><LI><a href="#[129]">&gt;&gt;</a>&nbsp;&nbsp;&nbsp;_scanf_really_hex_real
</UL>
<BR>[Called By]<UL><LI><a href="#[124]">&gt;&gt;</a>&nbsp;&nbsp;&nbsp;_scanf_really_real
</UL>

<P><STRONG><a name="[125]"></a>_scanf_infnan</STRONG> (Thumb, 4 bytes, Stack size 0 bytes, scanf2.o(x$fpl$scanf2))
<BR><BR>[Stack]<UL><LI>Max Depth = 72<LI>Call Chain = _scanf_infnan &rArr; _scanf_really_infnan
</UL>
<BR>[Calls]<UL><LI><a href="#[348]">&gt;&gt;</a>&nbsp;&nbsp;&nbsp;_scanf_really_infnan
</UL>
<BR>[Called By]<UL><LI><a href="#[124]">&gt;&gt;</a>&nbsp;&nbsp;&nbsp;_scanf_really_real
</UL>

<P><STRONG><a name="[347]"></a>__fpl_cmpreturn</STRONG> (Thumb, 48 bytes, Stack size 0 bytes, trapv.o(x$fpl$trapveneer))
<BR><BR>[Called By]<UL><LI><a href="#[32b]">&gt;&gt;</a>&nbsp;&nbsp;&nbsp;__fpl_return_NaN
</UL>
<P>
<H3>
Local Symbols
</H3>
<P><STRONG><a name="[316]"></a>__NVIC_SystemReset</STRONG> (Thumb, 42 bytes, Stack size 0 bytes, utility.o(.text.__NVIC_SystemReset))
<BR><BR>[Called By]<UL><LI><a href="#[2f7]">&gt;&gt;</a>&nbsp;&nbsp;&nbsp;wdt_reset_check
</UL>

<P><STRONG><a name="[2f8]"></a>__NVIC_SystemReset</STRONG> (Thumb, 42 bytes, Stack size 0 bytes, main.o(.text.__NVIC_SystemReset))
<BR><BR>[Called By]<UL><LI><a href="#[ec]">&gt;&gt;</a>&nbsp;&nbsp;&nbsp;main
</UL>

<P><STRONG><a name="[1bc]"></a>I2C_WaitOnFlagUntilTimeout</STRONG> (Thumb, 336 bytes, Stack size 24 bytes, stm32f1xx_hal_i2c.o(.text.I2C_WaitOnFlagUntilTimeout))
<BR><BR>[Stack]<UL><LI>Max Depth = 24<LI>Call Chain = I2C_WaitOnFlagUntilTimeout
</UL>
<BR>[Calls]<UL><LI><a href="#[130]">&gt;&gt;</a>&nbsp;&nbsp;&nbsp;HAL_GetTick
</UL>
<BR>[Called By]<UL><LI><a href="#[18a]">&gt;&gt;</a>&nbsp;&nbsp;&nbsp;I2C_RequestMemoryRead
</UL>

<P><STRONG><a name="[18d]"></a>I2C_WaitOnBTFFlagUntilTimeout</STRONG> (Thumb, 168 bytes, Stack size 16 bytes, stm32f1xx_hal_i2c.o(.text.I2C_WaitOnBTFFlagUntilTimeout))
<BR><BR>[Stack]<UL><LI>Max Depth = 16<LI>Call Chain = I2C_WaitOnBTFFlagUntilTimeout
</UL>
<BR>[Calls]<UL><LI><a href="#[130]">&gt;&gt;</a>&nbsp;&nbsp;&nbsp;HAL_GetTick
</UL>
<BR>[Called By]<UL><LI><a href="#[18b]">&gt;&gt;</a>&nbsp;&nbsp;&nbsp;HAL_I2C_Mem_Write
</UL>

<P><STRONG><a name="[18c]"></a>I2C_RequestMemoryWrite</STRONG> (Thumb, 626 bytes, Stack size 32 bytes, stm32f1xx_hal_i2c.o(.text.I2C_RequestMemoryWrite))
<BR><BR>[Stack]<UL><LI>Max Depth = 32<LI>Call Chain = I2C_RequestMemoryWrite
</UL>
<BR>[Calls]<UL><LI><a href="#[130]">&gt;&gt;</a>&nbsp;&nbsp;&nbsp;HAL_GetTick
</UL>
<BR>[Called By]<UL><LI><a href="#[18b]">&gt;&gt;</a>&nbsp;&nbsp;&nbsp;HAL_I2C_Mem_Write
</UL>

<P><STRONG><a name="[18a]"></a>I2C_RequestMemoryRead</STRONG> (Thumb, 798 bytes, Stack size 40 bytes, stm32f1xx_hal_i2c.o(.text.I2C_RequestMemoryRead))
<BR><BR>[Stack]<UL><LI>Max Depth = 64<LI>Call Chain = I2C_RequestMemoryRead &rArr; I2C_WaitOnMasterAddressFlagUntilTimeout
</UL>
<BR>[Calls]<UL><LI><a href="#[130]">&gt;&gt;</a>&nbsp;&nbsp;&nbsp;HAL_GetTick
<LI><a href="#[1bd]">&gt;&gt;</a>&nbsp;&nbsp;&nbsp;I2C_WaitOnMasterAddressFlagUntilTimeout
<LI><a href="#[1bc]">&gt;&gt;</a>&nbsp;&nbsp;&nbsp;I2C_WaitOnFlagUntilTimeout
</UL>
<BR>[Called By]<UL><LI><a href="#[189]">&gt;&gt;</a>&nbsp;&nbsp;&nbsp;HAL_I2C_Mem_Read
</UL>

<P><STRONG><a name="[1bd]"></a>I2C_WaitOnMasterAddressFlagUntilTimeout</STRONG> (Thumb, 184 bytes, Stack size 24 bytes, stm32f1xx_hal_i2c.o(.text.I2C_WaitOnMasterAddressFlagUntilTimeout))
<BR><BR>[Stack]<UL><LI>Max Depth = 24<LI>Call Chain = I2C_WaitOnMasterAddressFlagUntilTimeout
</UL>
<BR>[Calls]<UL><LI><a href="#[130]">&gt;&gt;</a>&nbsp;&nbsp;&nbsp;HAL_GetTick
</UL>
<BR>[Called By]<UL><LI><a href="#[18a]">&gt;&gt;</a>&nbsp;&nbsp;&nbsp;I2C_RequestMemoryRead
</UL>

<P><STRONG><a name="[1ae]"></a>UART_Receive_IT</STRONG> (Thumb, 182 bytes, Stack size 4 bytes, stm32f1xx_hal_uart.o(.text.UART_Receive_IT))
<BR><BR>[Stack]<UL><LI>Max Depth = 4<LI>Call Chain = UART_Receive_IT
</UL>
<BR>[Calls]<UL><LI><a href="#[1b6]">&gt;&gt;</a>&nbsp;&nbsp;&nbsp;HAL_UART_RxCpltCallback
<LI><a href="#[1b3]">&gt;&gt;</a>&nbsp;&nbsp;&nbsp;HAL_UARTEx_RxEventCallback
</UL>
<BR>[Called By]<UL><LI><a href="#[1ad]">&gt;&gt;</a>&nbsp;&nbsp;&nbsp;HAL_UART_IRQHandler
</UL>

<P><STRONG><a name="[c2]"></a>UART_DMAAbortOnError</STRONG> (Thumb, 12 bytes, Stack size 0 bytes, stm32f1xx_hal_uart.o(.text.UART_DMAAbortOnError))
<BR><BR>[Calls]<UL><LI><a href="#[1b2]">&gt;&gt;</a>&nbsp;&nbsp;&nbsp;HAL_UART_ErrorCallback
</UL>
<BR>[Address Reference Count : 1]<UL><LI> stm32f1xx_hal_uart.o(.text.HAL_UART_IRQHandler)
</UL>
<P><STRONG><a name="[19e]"></a>SPI_WaitFlagStateUntilTimeout</STRONG> (Thumb, 228 bytes, Stack size 32 bytes, stm32f1xx_hal_spi.o(.text.SPI_WaitFlagStateUntilTimeout))
<BR><BR>[Stack]<UL><LI>Max Depth = 32<LI>Call Chain = SPI_WaitFlagStateUntilTimeout
</UL>
<BR>[Calls]<UL><LI><a href="#[130]">&gt;&gt;</a>&nbsp;&nbsp;&nbsp;HAL_GetTick
</UL>
<BR>[Called By]<UL><LI><a href="#[138]">&gt;&gt;</a>&nbsp;&nbsp;&nbsp;HAL_SPI_TransmitReceive
<LI><a href="#[136]">&gt;&gt;</a>&nbsp;&nbsp;&nbsp;HAL_SPI_Transmit
</UL>

<P><STRONG><a name="[346]"></a>_fadd1</STRONG> (Thumb, 0 bytes, Stack size unknown bytes, faddsub_clz.o(x$fpl$fadd), UNUSED)
<BR><BR>[Called By]<UL><LI><a href="#[345]">&gt;&gt;</a>&nbsp;&nbsp;&nbsp;_fsub
</UL>

<P><STRONG><a name="[337]"></a>_fsub1</STRONG> (Thumb, 0 bytes, Stack size unknown bytes, faddsub_clz.o(x$fpl$fsub), UNUSED)
<BR><BR>[Called By]<UL><LI><a href="#[336]">&gt;&gt;</a>&nbsp;&nbsp;&nbsp;_fadd
</UL>

<P><STRONG><a name="[10d]"></a>_fp_digits</STRONG> (Thumb, 432 bytes, Stack size 96 bytes, _printf_fp_dec.o(.text))
<BR><BR>[Stack]<UL><LI>Max Depth = 220<LI>Call Chain = _fp_digits &rArr; _btod_etento &rArr; _btod_emul &rArr; _e2e
</UL>
<BR>[Calls]<UL><LI><a href="#[111]">&gt;&gt;</a>&nbsp;&nbsp;&nbsp;_btod_emul
<LI><a href="#[110]">&gt;&gt;</a>&nbsp;&nbsp;&nbsp;_btod_ediv
<LI><a href="#[10f]">&gt;&gt;</a>&nbsp;&nbsp;&nbsp;_btod_d2e
<LI><a href="#[10e]">&gt;&gt;</a>&nbsp;&nbsp;&nbsp;_btod_etento
<LI><a href="#[112]">&gt;&gt;</a>&nbsp;&nbsp;&nbsp;_ll_udiv10
</UL>
<BR>[Called By]<UL><LI><a href="#[113]">&gt;&gt;</a>&nbsp;&nbsp;&nbsp;_printf_fp_dec_real
</UL>

<P><STRONG><a name="[bc]"></a>_printf_input_char</STRONG> (Thumb, 10 bytes, Stack size 0 bytes, _printf_char_common.o(.text))
<BR>[Address Reference Count : 1]<UL><LI> _printf_char_common.o(.text)
</UL>
<P><STRONG><a name="[bd]"></a>_scanf_char_input</STRONG> (Thumb, 12 bytes, Stack size 0 bytes, scanf_char.o(.text))
<BR>[Address Reference Count : 1]<UL><LI> scanf_char.o(.text)
</UL>
<P><STRONG><a name="[11a]"></a>_local_sscanf</STRONG> (Thumb, 68 bytes, Stack size 64 bytes, strtod.o(.text))
<BR><BR>[Stack]<UL><LI>Max Depth = 404<LI>Call Chain = _local_sscanf &rArr; _scanf_real &rArr; _scanf_really_real &rArr; _fp_value &rArr; _btod_etento &rArr; _btod_emul &rArr; _e2e
</UL>
<BR>[Calls]<UL><LI><a href="#[11b]">&gt;&gt;</a>&nbsp;&nbsp;&nbsp;_scanf_real
</UL>
<BR>[Called By]<UL><LI><a href="#[11c]">&gt;&gt;</a>&nbsp;&nbsp;&nbsp;__strtod_int
</UL>

<P><STRONG><a name="[120]"></a>_fp_value</STRONG> (Thumb, 588 bytes, Stack size 96 bytes, scanf_fp.o(.text))
<BR><BR>[Stack]<UL><LI>Max Depth = 220<LI>Call Chain = _fp_value &rArr; _btod_etento &rArr; _btod_emul &rArr; _e2e
</UL>
<BR>[Calls]<UL><LI><a href="#[122]">&gt;&gt;</a>&nbsp;&nbsp;&nbsp;_btod_emuld
<LI><a href="#[123]">&gt;&gt;</a>&nbsp;&nbsp;&nbsp;_btod_edivd
<LI><a href="#[10e]">&gt;&gt;</a>&nbsp;&nbsp;&nbsp;_btod_etento
<LI><a href="#[10b]">&gt;&gt;</a>&nbsp;&nbsp;&nbsp;__aeabi_errno_addr
<LI><a href="#[121]">&gt;&gt;</a>&nbsp;&nbsp;&nbsp;__ieee_status
</UL>
<BR>[Called By]<UL><LI><a href="#[124]">&gt;&gt;</a>&nbsp;&nbsp;&nbsp;_scanf_really_real
</UL>
<P>
<H3>
Undefined Global Symbols
</H3><HR></body></html>
