<html>
<body>
<pre>
<h1>µVision Build Log</h1>
<h2>Tool Versions:</h2>
IDE-Version: µVision V5.37.0.0
Copyright (C) 2022 ARM Ltd and ARM Germany GmbH. All rights reserved.
License Information: Alexandr Shevchenko, MNIPI, LIC=MGXG8-3JVKY-HRPXN-Y5JJ0-ZIPFW-TN52T
 
Tool Versions:
Toolchain:       MDK-ARM Professional  Version: 5.37.0.0
Toolchain Path:  C:\Keil_v5\ARM\ARMCC\Bin
C Compiler:      Armcc.exe V5.06 update 7 (build 960)
Assembler:       Armasm.exe V5.06 update 7 (build 960)
Linker/Locator:  ArmLink.exe V5.06 update 7 (build 960)
Library Manager: ArmAr.exe V5.06 update 7 (build 960)
Hex Converter:   FromElf.exe V5.06 update 7 (build 960)
CPU DLL:         SARMCM3.DLL V5.37.0.0
Dialog DLL:      DCM.DLL V1.17.5.0
Target DLL:      Segger\JL2CM3.dll V2.99.42.0
Dialog DLL:      TCM.DLL V1.56.1.0
 
<h2>Project:</h2>
C:\My\GitHub\_work\ElectricityMeter\sources\common\GD32F30x_Demo_Suites_V2.4.3\GD32303C_EVAL_Demo_Suites\Projects\11_I2C_EEPROM\MDK-ARM\GD32303C_EVAL.uvproj
Project File Date:  04/02/2023

<h2>Output:</h2>
*** Using Compiler 'V5.06 update 7 (build 960)', folder: 'C:\Keil_v5\ARM\ARMCC\Bin'
Build target 'GD32F303C_EVAL'
compiling gd32f30x_crc.c...
compiling gd32f30x_it.c...
compiling gd32f30x_ctc.c...
compiling gd32f30x_exti.c...
compiling system_gd32f30x.c...
compiling gd32f30x_exmc.c...
compiling systick.c...
compiling gd32f30x_dbg.c...
compiling gd32f30x_dac.c...
compiling main.c...
compiling gd32f30x_enet.c...
compiling gd32f30x_adc.c...
compiling gd32f30x_bkp.c...
compiling gd32f30x_dma.c...
compiling gd32f30x_can.c...
compiling gd32f30x_fmc.c...
assembling startup_gd32f30x_hd.s...
compiling gd32f30x_fwdgt.c...
compiling gd32f30x_misc.c...
compiling gd32f30x_gpio.c...
compiling gd32f30x_i2c.c...
compiling gd32f30x_sdio.c...
compiling gd32f30x_spi.c...
compiling gd32f30x_pmu.c...
compiling gd32f30x_rcu.c...
compiling gd32f30x_rtc.c...
compiling gd32f30x_wwdgt.c...
compiling gd32f30x_usart.c...
compiling gd32f303c_eval.c...
compiling i2c.c...
compiling at24cxx.c...
compiling gd32f30x_timer.c...
linking...
Program Size: Code=5688 RO-data=336 RW-data=144 ZI-data=1024  
FromELF: creating hex file...
".\output\Project.axf" - 0 Error(s), 0 Warning(s).
Build Time Elapsed:  00:00:01
</pre>
</body>
</html>
